Microchip MPLAB XC8 Compiler V2.20

Linker command line:

-W-3 --edf=C:\Program Files\Microchip\xc8\v2.20\pic\dat\en_msgs.txt -cn \
  -h+dist/debug_gain/production\MPLAB_Outil_Reducation_Bebe.X.production.sym \
  --cmf=dist/debug_gain/production\MPLAB_Outil_Reducation_Bebe.X.production.cmf \
  -z -Q16F707 -oC:\Users\TEMPGE~1.002\AppData\Local\Temp\shjs.2 \
  --defsym=__MPLAB_BUILD=1 \
  -Mdist/debug_gain/production/MPLAB_Outil_Reducation_Bebe.X.production.map \
  -E1 -ver=XC8 Compiler --acfsm=1493 -ASTACK=0190h-01EFh -pstack=STACK \
  -ACODE=00h-07FFhx4 -ASTRCODE=00h-01FFFh -ASTRING=00h-0FFhx32 \
  -ACONST=00h-0FFhx32 -AENTRY=00h-0FFhx32 -ACOMMON=070h-07Fh \
  -ABANK0=020h-06Fh -ABANK1=0A0h-0EFh -ABANK2=0115h-016Fh \
  -ABANK3=0190h-01EFh -ARAM=020h-06Fh,0A0h-0EFh,0115h-016Fh,0190h-01EFh \
  -AABS1=020h-07Fh,0A0h-0EFh,0115h-016Fh,0190h-01EFh -ASFR0=00h-01Fh \
  -ASFR1=080h-09Fh -ASFR2=0100h-0114h -ASFR3=0180h-018Fh \
  -ACONFIG=02007h-02008h -DCONFIG=2 -AIDLOC=02000h-02003h -DIDLOC=2 \
  -preset_vec=00h,intentry=04h,init,end_init -ppowerup=CODE -pcinit=CODE \
  -pfunctab=ENTRY -DCODE=2 -DSTRCODE=2 -DSTRING=2 -DCONST=2 -DENTRY=2 -k \
  C:\Users\TEMPGE~1.002\AppData\Local\Temp\shjs.o \
  dist/debug_gain/production\MPLAB_Outil_Reducation_Bebe.X.production.o 

Object code version is 3.11

Machine type is 16F707



                Name                               Link     Load   Length Selector   Space Scale
C:\Users\TEMPGE~1.002\AppData\Local\Temp\shjs.o
                end_init                              C        C        3        8       0
                reset_vec                             0        0        3        0       0
                config                             2007     2007        2        0       4
dist/debug_gain/production\MPLAB_Outil_Reducation_Bebe.X.production.o
                cinit                                 F        F        7        8       0
                intentry                              4        4        8        8       0
                config                             2007     2007        2        0       4
                text23                             152E     152E       19     2A5C       0
                text22                             14F8     14F8       12     29F0       0
                text21                             14D4     14D4        4     29A8       0
                text20                             14D8     14D8        8     29B0       0
                text19                             150A     150A       12     2A14       0
                text18                             1547     1547       24     2A8E       0
                text17                              83A      83A      1DD     1074       0
                text16                             15B4     15B4       27     2B68       0
                text15                              C9F      C9F      361     193E       0
                text14                              A17      A17      288     142E       0
                text13                             156B     156B       24     2AD6       0
                text12                             158F     158F       25     2B1E       0
                text11                              717      717       BC        8       0
                text10                             16CE     16CE       8E     2D9C       0
                text9                              166D     166D       61     2CDA       0
                text8                              175C     175C       A4     2EB8       0
                text7                                16       16      701        8       0
                text6                              161A     161A       53     2C34       0
                text5                              14E8     14E8       10     29D0       0
                text4                               7D3      7D3       2B        8       0
                text3                               801      801       39     1002       0
                text2                              14E0     14E0        8     29C0       0
                text1                              151C     151C       12     2A38       0
                maintext                           15DB     15DB       3F     2BB6       0
                cstackBANK0                          20       20       50       20       1
                cstackCOMMON                         70       70        C       70       1
                cstackBANK1                          A0       A0       39       A0       1
                bssBANK1                             D9       D9        1       A0       1
                strings                            1000     1000       A6     2000       0

TOTAL           Name                               Link     Load   Length     Space
        CLASS   STACK          

        CLASS   CODE           
                end_init                              C        C        3         0
                cinit                                 F        F        7         0
                intentry                              4        4        8         0
                reset_vec                             0        0        3         0
                text23                             152E     152E       19         0
                text22                             14F8     14F8       12         0
                text21                             14D4     14D4        4         0
                text20                             14D8     14D8        8         0
                text19                             150A     150A       12         0
                text18                             1547     1547       24         0
                text17                              83A      83A      1DD         0
                text16                             15B4     15B4       27         0
                text15                              C9F      C9F      361         0
                text14                              A17      A17      288         0
                text13                             156B     156B       24         0
                text12                             158F     158F       25         0
                text11                              717      717       BC         0
                text10                             16CE     16CE       8E         0
                text9                              166D     166D       61         0
                text8                              175C     175C       A4         0
                text7                                16       16      701         0
                text6                              161A     161A       53         0
                text5                              14E8     14E8       10         0
                text4                               7D3      7D3       2B         0
                text3                               801      801       39         0
                text2                              14E0     14E0        8         0
                text1                              151C     151C       12         0
                maintext                           15DB     15DB       3F         0

        CLASS   STRCODE        

        CLASS   STRING         
                strings                            1000     1000       A6         0

        CLASS   CONST          

        CLASS   ENTRY          

        CLASS   COMMON         
                cstackCOMMON                         70       70        C         1

        CLASS   BANK0          
                cstackBANK0                          20       20       50         1

        CLASS   BANK1          
                cstackBANK1                          A0       A0       39         1
                bssBANK1                             D9       D9        1         1

        CLASS   BANK2          

        CLASS   BANK3          

        CLASS   RAM            

        CLASS   ABS1           
                abs_s1                               7E       7E        2         1

        CLASS   SFR0           

        CLASS   SFR1           

        CLASS   SFR2           

        CLASS   SFR3           

        CLASS   CONFIG         
                config                             2007     2007        2         4

        CLASS   IDLOC          

        CLASS   EEDATA         



SEGMENTS        Name                           Load    Length   Top    Selector   Space  Class     Delta

                reset_vec                      000000  000003  000003         0       0  CODE        2
                intentry                       000004  0007FA  0007FE         8       0  CODE        2
                cstackBANK0                    000020  000050  000070        20       1  BANK0       1
                cstackCOMMON                   000070  00000C  00007C        70       1  COMMON      1
                cstackBANK1                    0000A0  00003A  0000DA        A0       1  BANK1       1
                text3                          000801  000039  00083A      1002       0  CODE        2
                text17                         00083A  0001DD  000A17      1074       0  CODE        2
                text14                         000A17  000288  000C9F      142E       0  CODE        2
                text15                         000C9F  000361  001000      193E       0  CODE        2
                strings                        001000  0000A6  0010A6      2000       0  STRING      2
                text21                         0014D4  000004  0014D8      29A8       0  CODE        2
                text20                         0014D8  000008  0014E0      29B0       0  CODE        2
                text2                          0014E0  000008  0014E8      29C0       0  CODE        2
                text5                          0014E8  000010  0014F8      29D0       0  CODE        2
                text22                         0014F8  000012  00150A      29F0       0  CODE        2
                text19                         00150A  000012  00151C      2A14       0  CODE        2
                text1                          00151C  000012  00152E      2A38       0  CODE        2
                text23                         00152E  000019  001547      2A5C       0  CODE        2
                text18                         001547  000024  00156B      2A8E       0  CODE        2
                text13                         00156B  000024  00158F      2AD6       0  CODE        2
                text12                         00158F  000025  0015B4      2B1E       0  CODE        2
                text16                         0015B4  000027  0015DB      2B68       0  CODE        2
                maintext                       0015DB  00003F  00161A      2BB6       0  CODE        2
                text6                          00161A  000053  00166D      2C34       0  CODE        2
                text9                          00166D  000061  0016CE      2CDA       0  CODE        2
                text10                         0016CE  00008E  00175C      2D9C       0  CODE        2
                text8                          00175C  0000A4  001800      2EB8       0  CODE        2


UNUSED ADDRESS RANGES

        Name                Unused          Largest block    Delta
        BANK1            00DA-00EF             16           1
        BANK2            0115-016F             5B           1
        BANK3            0190-01EF             60           1
        CODE             0003-0003              1           2
                         07FE-0800              2
                         10A6-14D3            42E
                         1800-1FFF            800
        COMMON           007C-007D              2           1
        CONST            0003-0003              1           2
                         07FE-0800              2
                         10A6-14D3            100
                         1800-1FFF            100
        ENTRY            0003-0003              1           2
                         07FE-0800              2
                         10A6-14D3            100
                         1800-1FFF            100
        IDLOC            2000-2003              4           2
        RAM              00DA-00EF             16           1
                         0115-016F             5B
                         0190-01EF             60
        SFR0             0000-001F             20           1
        SFR1             0080-009F             20           1
        SFR2             0100-0114             15           1
        SFR3             0180-018F             10           1
        STACK            0190-01EF             60           1
        STRCODE          0003-0003              1           2
                         07FE-0800              3
                         10A6-14D3            42E
                         1800-1FFF            800
        STRING           0003-0003              1           2
                         07FE-0800              2
                         10A6-14D3            100
                         1800-1FFF            100

                                  Symbol Table

?_Resistance_Value              cstackBANK1  00A0
?_Voltage_Value                 cstackBANK1  00A0
?__Umul8_16                     cstackCOMMON 0072
?___fladd                       cstackBANK0  0020
?___fldiv                       cstackBANK0  003C
?___flmul                       cstackBANK0  0056
?___flsub                       cstackBANK0  0034
?___wmul                        cstackCOMMON 0072
?___xxtofl                      cstackCOMMON 0078
?_conversion_newton             cstackBANK1  00A0
ADC_GetValue@channel            cstackCOMMON 0073
Get_Newton@INTER0               cstackBANK1  00D7
Get_Newton@INTER1               cstackBANK1  00C7
Get_Newton@R                    cstackBANK1  00CD
Get_Newton@Rc                   cstackBANK1  00D3
Get_Newton@Vs                   cstackBANK1  00CF
Get_Newton@sensor_Channel       cstackBANK1  00C8
Get_Newton@sensor_value         cstackBANK1  00D8
PORT_Change_Gain@INTER0         cstackCOMMON 0073
PORT_Change_Gain@INTER1         cstackCOMMON 0072
PORT_Choose_Mux@_value          cstackCOMMON 0072
Resistance_Value@R              cstackBANK1  00A4
Resistance_Value@Voltage        cstackBANK1  00A0
Voltage_Value@sensor            cstackBANK1  00A8
_ADCON0                         (abs)        001F
_ADCON1                         (abs)        009F
_ADC_GetValue                   text19       150A
_ADRES                          (abs)        001E
_ANSELA                         (abs)        0185
_ANSELB                         (abs)        0186
_ANSELD                         (abs)        0188
_DACCON0                        (abs)        0113
_DACCON1                        (abs)        0114
_FVRCON                         (abs)        009D
_Fincompt1                      bssBANK1     00D9
_GO_nDONE                       (abs)        00F9
_Get_Newton                     text6        161A
_OSCCON                         (abs)        0090
_PORTBbits                      (abs)        0006
_PORTCbits                      (abs)        0007
_PORTD                          (abs)        0008
_PORT_Blink_LED                 text5        14E8
_PORT_Change_Gain               text18       1547
_PORT_Choose_Mux                text22       14F8
_PORT_Get_Value_Adc             text21       14D4
_PORT_Init                      text3        0801
_PORT_Init_Serial               text4        07D3
_PORT_Select_Mux0               text2        14E0
_PORT_Start_ADC                 text20       14D8
_RCSTA                          (abs)        0018
_Resistance_Value               text10       16CE
_SPBRG                          (abs)        0099
_T1CKPS0                        (abs)        0084
_T1CKPS1                        (abs)        0085
_T1OSCEN                        (abs)        0083
_T1SYNC                         (abs)        0082
_TIMER_init_timer1              text1        151C
_TMR1GE                         (abs)        047F
_TMR1IE                         (abs)        0460
_TMR1IF                         (abs)        0060
_TMR1ON                         (abs)        0080
_TMRA                           (abs)        0110
_TMRAIF                         (abs)        006C
_TMRCS0                         (abs)        0086
_TMRCS1                         (abs)        0087
_TRISA                          (abs)        0085
_TRISB                          (abs)        0086
_TRISC                          (abs)        0087
_TRISD                          (abs)        0088
_TXREG                          (abs)        0019
_TXSTA                          (abs)        0098
_Voltage_Value                  text9        166D
_WPUB                           (abs)        0095
__Habs1                         abs1         0000
__Hbank0                        bank0        0000
__Hbank1                        bank1        0000
__Hbank2                        bank2        0000
__Hbank3                        bank3        0000
__HbssBANK1                     bssBANK1     0000
__Hcinit                        cinit        0016
__Hclrtext                      clrtext      0000
__Hcode                         code         0000
__Hcommon                       common       0000
__Hconfig                       config       2009
__HcstackBANK0                  cstackBANK0  0000
__HcstackBANK1                  cstackBANK1  0000
__HcstackCOMMON                 cstackCOMMON 0000
__Heeprom_data                  eeprom_data  0000
__Hend_init                     end_init     000F
__Hfunctab                      functab      0000
__Hinit                         init         000C
__Hintentry                     intentry     000C
__Hmaintext                     maintext     0000
__Hpowerup                      powerup      0000
__Hram                          ram          0000
__Hreset_vec                    reset_vec    0003
__Hsfr0                         sfr0         0000
__Hsfr1                         sfr1         0000
__Hsfr2                         sfr2         0000
__Hsfr3                         sfr3         0000
__Hspace_0                      (abs)        1800
__Hspace_1                      (abs)        00DA
__Hspace_2                      (abs)        0000
__Hspace_3                      (abs)        0000
__Hspace_4                      (abs)        4010
__Hstack                        stack        0000
__Hstrings                      strings      0000
__Htext                         text         0000
__Labs1                         abs1         0000
__Lbank0                        bank0        0000
__Lbank1                        bank1        0000
__Lbank2                        bank2        0000
__Lbank3                        bank3        0000
__LbssBANK1                     bssBANK1     0000
__Lcinit                        cinit        000F
__Lclrtext                      clrtext      0000
__Lcode                         code         0000
__Lcommon                       common       0000
__Lconfig                       config       0000
__LcstackBANK0                  cstackBANK0  0000
__LcstackBANK1                  cstackBANK1  0000
__LcstackCOMMON                 cstackCOMMON 0000
__Leeprom_data                  eeprom_data  0000
__Lend_init                     end_init     000C
__Lfunctab                      functab      0000
__Linit                         init         000C
__Lintentry                     intentry     0004
__Lmaintext                     maintext     0000
__Lpowerup                      powerup      0000
__Lram                          ram          0000
__Lreset_vec                    reset_vec    0000
__Lsfr0                         sfr0         0000
__Lsfr1                         sfr1         0000
__Lsfr2                         sfr2         0000
__Lsfr3                         sfr3         0000
__Lspace_0                      (abs)        0000
__Lspace_1                      (abs)        0000
__Lspace_2                      (abs)        0000
__Lspace_3                      (abs)        0000
__Lspace_4                      (abs)        0000
__Lstack                        stack        0000
__Lstrings                      strings      0000
__Ltext                         text         0000
__S0                            (abs)        1800
__S1                            (abs)        00DA
__S2                            (abs)        0000
__Umul8_16                      text16       15B4
__Umul8_16@multiplicand         cstackCOMMON 0072
__Umul8_16@multiplier           cstackCOMMON 007A
__Umul8_16@product              cstackCOMMON 0076
__Umul8_16@word_mpld            cstackCOMMON 0078
___fladd                        text14       0A17
___fladd@a                      cstackBANK0  0024
___fladd@aexp                   cstackBANK0  0031
___fladd@b                      cstackBANK0  0020
___fladd@bexp                   cstackBANK0  0032
___fladd@grs                    cstackBANK0  0033
___fladd@signs                  cstackBANK0  0030
___fldiv                        text17       083A
___fldiv@a                      cstackBANK0  003C
___fldiv@aexp                   cstackBANK0  0055
___fldiv@b                      cstackBANK0  0040
___fldiv@bexp                   cstackBANK0  0054
___fldiv@grs                    cstackBANK0  0050
___fldiv@new_exp                cstackBANK0  004E
___fldiv@rem                    cstackBANK0  0049
___fldiv@sign                   cstackBANK0  004D
___flge                         text8        175C
___flge@ff1                     cstackCOMMON 0072
___flge@ff2                     cstackCOMMON 0076
___flmul                        text15       0C9F
___flmul@a                      cstackBANK0  005A
___flmul@aexp                   cstackBANK0  0068
___flmul@b                      cstackBANK0  0056
___flmul@bexp                   cstackBANK0  0069
___flmul@grs                    cstackBANK0  0064
___flmul@prod                   cstackBANK0  006A
___flmul@sign                   cstackBANK0  0063
___flmul@temp                   cstackBANK0  006E
___flsub                        text13       156B
___flsub@a                      cstackBANK0  0034
___flsub@b                      cstackBANK0  0038
___int_sp                       stack        0000
___latbits                      (abs)        0002
___sp                           stack        0000
___stackhi                      (abs)        0000
___stacklo                      (abs)        0000
___wmul                         text12       158F
___wmul@multiplicand            cstackCOMMON 0074
___wmul@multiplier              cstackCOMMON 0072
___wmul@product                 cstackCOMMON 0076
___xxtofl                       text11       0717
___xxtofl@arg                   cstackBANK0  0026
___xxtofl@exp                   cstackBANK0  0025
___xxtofl@sign                  cstackBANK0  0024
___xxtofl@val                   cstackCOMMON 0078
__end_of_ADC_GetValue           text19       151C
__end_of_Get_Newton             text6        166D
__end_of_PORT_Blink_LED         text5        14F8
__end_of_PORT_Change_Gain       text18       156B
__end_of_PORT_Choose_Mux        text22       150A
__end_of_PORT_Get_Value_Adc     text21       14D8
__end_of_PORT_Init              text3        083A
__end_of_PORT_Init_Serial       text4        07FE
__end_of_PORT_Select_Mux0       text2        14E8
__end_of_PORT_Start_ADC         text20       14E0
__end_of_Resistance_Value       text10       175C
__end_of_TIMER_init_timer1      text1        152E
__end_of_Voltage_Value          text9        16CE
__end_of__Umul8_16              text16       15DB
__end_of___fladd                text14       0C9F
__end_of___fldiv                text17       0A17
__end_of___flge                 text8        1800
__end_of___flmul                text15       1000
__end_of___flsub                text13       158F
__end_of___wmul                 text12       15B4
__end_of___xxtofl               text11       07D3
__end_of__initialization        cinit        0012
__end_of__stringtab             strings      1006
__end_of_conversion_newton      text7        0717
__end_of_isr                    text23       1547
__end_of_main                   maintext     161A
__end_ofconversion_newton@F_tab strings      10A6
__end_ofconversion_newton@R_tab strings      1056
__initialization                cinit        000F
__pbssBANK1                     bssBANK1     00D9
__pcstackBANK0                  cstackBANK0  0020
__pcstackBANK1                  cstackBANK1  00A0
__pcstackCOMMON                 cstackCOMMON 0070
__pintentry                     intentry     0004
__pmaintext                     maintext     15DB
__pstrings                      strings      1000
__ptext1                        text1        151C
__ptext10                       text10       16CE
__ptext11                       text11       0717
__ptext12                       text12       158F
__ptext13                       text13       156B
__ptext14                       text14       0A17
__ptext15                       text15       0C9F
__ptext16                       text16       15B4
__ptext17                       text17       083A
__ptext18                       text18       1547
__ptext19                       text19       150A
__ptext2                        text2        14E0
__ptext20                       text20       14D8
__ptext21                       text21       14D4
__ptext22                       text22       14F8
__ptext23                       text23       152E
__ptext3                        text3        0801
__ptext4                        text4        07D3
__ptext5                        text5        14E8
__ptext6                        text6        161A
__ptext7                        text7        0016
__ptext8                        text8        175C
__ptext9                        text9        166D
__size_of_ADC_GetValue          (abs)        0000
__size_of_Get_Newton            (abs)        0000
__size_of_PORT_Blink_LED        (abs)        0000
__size_of_PORT_Change_Gain      (abs)        0000
__size_of_PORT_Choose_Mux       (abs)        0000
__size_of_PORT_Get_Value_Adc    (abs)        0000
__size_of_PORT_Init             (abs)        0000
__size_of_PORT_Init_Serial      (abs)        0000
__size_of_PORT_Select_Mux0      (abs)        0000
__size_of_PORT_Start_ADC        (abs)        0000
__size_of_Resistance_Value      (abs)        0000
__size_of_TIMER_init_timer1     (abs)        0000
__size_of_Voltage_Value         (abs)        0000
__size_of__Umul8_16             (abs)        0000
__size_of___fladd               (abs)        0000
__size_of___fldiv               (abs)        0000
__size_of___flge                (abs)        0000
__size_of___flmul               (abs)        0000
__size_of___flsub               (abs)        0000
__size_of___wmul                (abs)        0000
__size_of___xxtofl              (abs)        0000
__size_of_conversion_newton     (abs)        0000
__size_of_isr                   (abs)        0000
__size_of_main                  (abs)        0000
__stringbase                    strings      1005
__stringtab                     strings      1000
_conversion_newton              text7        0016
_conversion_newton$772          cstackBANK1  00BD
_isr                            text23       152E
_main                           maintext     15DB
btemp                           (abs)        007E
conversion_newton@F             cstackBANK1  00C1
conversion_newton@F_tab         strings      1056
conversion_newton@R_tab         strings      1006
conversion_newton@Rc            cstackBANK1  00A0
conversion_newton@n             cstackBANK1  00C5
end_of_initialization           cinit        0012
interrupt_function              intentry     0004
intlevel0                       functab      0000
intlevel1                       functab      0000
intlevel2                       functab      0000
intlevel3                       functab      0000
intlevel4                       functab      0000
intlevel5                       functab      0000
reset_vec                       reset_vec    0000
saved_w                         (abs)        007E
start                           init         000C
start_initialization            cinit        000F
wtemp0                          (abs)        007E


FUNCTION INFORMATION:

 *************** function _main *****************
 Defined at:
		line 24 in file "main.c"
 Parameters:    Size  Location     Type
		None
 Auto vars:     Size  Location     Type
		None
 Return value:  Size  Location     Type
                  1    wreg      void 
 Registers used:
		wreg, fsr0l, fsr0h, status,2, status,0, btemp+1, pclath, cstack
 Tracked objects:
		On entry : 
		On exit  : 
		Unchanged: 
 Data sizes:     COMMON   BANK0   BANK1   BANK3   BANK2
      Params:         0       0       0       0       0
      Locals:         0       0       0       0       0
      Temps:          0       0       0       0       0
      Totals:         0       0       0       0       0
Total ram usage:        0 bytes
 Hardware stack levels required when called:    5
 This function calls:
		_Get_Newton
		_PORT_Blink_LED
		_PORT_Init
		_PORT_Select_Mux0
		_TIMER_init_timer1
 This function is called by:
		Startup code after reset
 This function uses a non-reentrant model


 *************** function _TIMER_init_timer1 *****************
 Defined at:
		line 8 in file "timer.c"
 Parameters:    Size  Location     Type
		None
 Auto vars:     Size  Location     Type
		None
 Return value:  Size  Location     Type
                  1    wreg      void 
 Registers used:
		wreg
 Tracked objects:
		On entry : 
		On exit  : 
		Unchanged: 
 Data sizes:     COMMON   BANK0   BANK1   BANK3   BANK2
      Params:         0       0       0       0       0
      Locals:         0       0       0       0       0
      Temps:          0       0       0       0       0
      Totals:         0       0       0       0       0
Total ram usage:        0 bytes
 Hardware stack levels used:    1
 Hardware stack levels required when called:    1
 This function calls:
		Nothing
 This function is called by:
		_main
 This function uses a non-reentrant model


 *************** function _PORT_Select_Mux0 *****************
 Defined at:
		line 149 in file "port.c"
 Parameters:    Size  Location     Type
		None
 Auto vars:     Size  Location     Type
		None
 Return value:  Size  Location     Type
                  1    wreg      void 
 Registers used:
		wreg, status,2, status,0, btemp+1
 Tracked objects:
		On entry : 
		On exit  : 
		Unchanged: 
 Data sizes:     COMMON   BANK0   BANK1   BANK3   BANK2
      Params:         0       0       0       0       0
      Locals:         0       0       0       0       0
      Temps:          0       0       0       0       0
      Totals:         0       0       0       0       0
Total ram usage:        0 bytes
 Hardware stack levels used:    1
 Hardware stack levels required when called:    1
 This function calls:
		Nothing
 This function is called by:
		_main
 This function uses a non-reentrant model


 *************** function _PORT_Init *****************
 Defined at:
		line 44 in file "port.c"
 Parameters:    Size  Location     Type
		None
 Auto vars:     Size  Location     Type
		None
 Return value:  Size  Location     Type
                  1    wreg      void 
 Registers used:
		wreg, status,2, status,0, pclath, cstack
 Tracked objects:
		On entry : 
		On exit  : 
		Unchanged: 
 Data sizes:     COMMON   BANK0   BANK1   BANK3   BANK2
      Params:         0       0       0       0       0
      Locals:         0       0       0       0       0
      Temps:          1       0       0       0       0
      Totals:         1       0       0       0       0
Total ram usage:        1 bytes
 Hardware stack levels used:    1
 Hardware stack levels required when called:    2
 This function calls:
		_PORT_Init_Serial
 This function is called by:
		_main
 This function uses a non-reentrant model


 *************** function _PORT_Init_Serial *****************
 Defined at:
		line 15 in file "port.c"
 Parameters:    Size  Location     Type
		None
 Auto vars:     Size  Location     Type
		None
 Return value:  Size  Location     Type
                  1    wreg      void 
 Registers used:
		wreg, status,2
 Tracked objects:
		On entry : 
		On exit  : 
		Unchanged: 
 Data sizes:     COMMON   BANK0   BANK1   BANK3   BANK2
      Params:         0       0       0       0       0
      Locals:         0       0       0       0       0
      Temps:          0       0       0       0       0
      Totals:         0       0       0       0       0
Total ram usage:        0 bytes
 Hardware stack levels used:    1
 Hardware stack levels required when called:    1
 This function calls:
		Nothing
 This function is called by:
		_PORT_Init
 This function uses a non-reentrant model


 *************** function _PORT_Blink_LED *****************
 Defined at:
		line 84 in file "port.c"
 Parameters:    Size  Location     Type
		None
 Auto vars:     Size  Location     Type
		None
 Return value:  Size  Location     Type
                  1    wreg      void 
 Registers used:
		status,0
 Tracked objects:
		On entry : 
		On exit  : 
		Unchanged: 
 Data sizes:     COMMON   BANK0   BANK1   BANK3   BANK2
      Params:         0       0       0       0       0
      Locals:         0       0       0       0       0
      Temps:          0       0       0       0       0
      Totals:         0       0       0       0       0
Total ram usage:        0 bytes
 Hardware stack levels used:    1
 Hardware stack levels required when called:    1
 This function calls:
		Nothing
 This function is called by:
		_main
 This function uses a non-reentrant model


 *************** function _Get_Newton *****************
 Defined at:
		line 241 in file "main.c"
 Parameters:    Size  Location     Type
  INTER0          1    wreg     unsigned char 
  INTER1          1   39[BANK1 ] unsigned char 
  sensor_Chann    1   40[BANK1 ] unsigned char 
 Auto vars:     Size  Location     Type
  INTER0          1   55[BANK1 ] unsigned char 
  Rc              4   51[BANK1 ] float 
  Vs              4   47[BANK1 ] float 
  F               4    0        float 
  R               2   45[BANK1 ] unsigned int 
  sensor_value    1   56[BANK1 ] unsigned char 
 Return value:  Size  Location     Type
                  4   39[BANK1 ] float 
 Registers used:
		wreg, fsr0l, fsr0h, status,2, status,0, btemp+1, pclath, cstack
 Tracked objects:
		On entry : 
		On exit  : 
		Unchanged: 
 Data sizes:     COMMON   BANK0   BANK1   BANK3   BANK2
      Params:         0       0       2       0       0
      Locals:         0       0      16       0       0
      Temps:          0       0       0       0       0
      Totals:         0       0      18       0       0
Total ram usage:       18 bytes
 Hardware stack levels used:    1
 Hardware stack levels required when called:    4
 This function calls:
		_ADC_GetValue
		_PORT_Change_Gain
		_Resistance_Value
		_Voltage_Value
		_conversion_newton
 This function is called by:
		_main
 This function uses a non-reentrant model


 *************** function _conversion_newton *****************
 Defined at:
		line 172 in file "main.c"
 Parameters:    Size  Location     Type
  Rc              4    0[BANK1 ] float 
 Auto vars:     Size  Location     Type
  F               4   33[BANK1 ] float 
  n               2   37[BANK1 ] int 
 Return value:  Size  Location     Type
                  4    0[BANK1 ] float 
 Registers used:
		wreg, fsr0l, fsr0h, status,2, status,0, btemp+1, pclath, cstack
 Tracked objects:
		On entry : 
		On exit  : 
		Unchanged: 
 Data sizes:     COMMON   BANK0   BANK1   BANK3   BANK2
      Params:         0       0       4       0       0
      Locals:         0       0      10       0       0
      Temps:          0       0      25       0       0
      Totals:         0       0      39       0       0
Total ram usage:       39 bytes
 Hardware stack levels used:    1
 Hardware stack levels required when called:    3
 This function calls:
		___fladd
		___fldiv
		___flge
		___flmul
		___flsub
 This function is called by:
		_Get_Newton
 This function uses a non-reentrant model


 *************** function ___flge *****************
 Defined at:
		line 4 in file "C:\Program Files\Microchip\xc8\v2.20\pic\sources\c90\common\flge.c"
 Parameters:    Size  Location     Type
  ff1             4    2[COMMON] float 
  ff2             4    6[COMMON] float 
 Auto vars:     Size  Location     Type
		None
 Return value:  Size  Location     Type
		None               void
 Registers used:
		wreg, status,2, status,0
 Tracked objects:
		On entry : 
		On exit  : 
		Unchanged: 
 Data sizes:     COMMON   BANK0   BANK1   BANK3   BANK2
      Params:         8       0       0       0       0
      Locals:         0       0       0       0       0
      Temps:          0       4       0       0       0
      Totals:         8       4       0       0       0
Total ram usage:       12 bytes
 Hardware stack levels used:    1
 Hardware stack levels required when called:    1
 This function calls:
		Nothing
 This function is called by:
		_conversion_newton
 This function uses a non-reentrant model


 *************** function _Voltage_Value *****************
 Defined at:
		line 152 in file "main.c"
 Parameters:    Size  Location     Type
  sensor          1    wreg     unsigned char 
 Auto vars:     Size  Location     Type
  sensor          1    8[BANK1 ] unsigned char 
 Return value:  Size  Location     Type
                  4    0[BANK1 ] float 
 Registers used:
		wreg, status,2, status,0, btemp+1, pclath, cstack
 Tracked objects:
		On entry : 
		On exit  : 
		Unchanged: 
 Data sizes:     COMMON   BANK0   BANK1   BANK3   BANK2
      Params:         0       0       4       0       0
      Locals:         0       0       1       0       0
      Temps:          0       0       4       0       0
      Totals:         0       0       9       0       0
Total ram usage:        9 bytes
 Hardware stack levels used:    1
 Hardware stack levels required when called:    3
 This function calls:
		___fldiv
		___flmul
		___xxtofl
 This function is called by:
		_Get_Newton
 This function uses a non-reentrant model


 *************** function _Resistance_Value *****************
 Defined at:
		line 163 in file "main.c"
 Parameters:    Size  Location     Type
  Voltage         4    0[BANK1 ] float 
  R               2    4[BANK1 ] int 
 Auto vars:     Size  Location     Type
		None
 Return value:  Size  Location     Type
                  4    0[BANK1 ] float 
 Registers used:
		wreg, status,2, status,0, btemp+1, pclath, cstack
 Tracked objects:
		On entry : 
		On exit  : 
		Unchanged: 
 Data sizes:     COMMON   BANK0   BANK1   BANK3   BANK2
      Params:         0       0       6       0       0
      Locals:         0       0       0       0       0
      Temps:          0       0       0       0       0
      Totals:         0       0       6       0       0
Total ram usage:        6 bytes
 Hardware stack levels used:    1
 Hardware stack levels required when called:    3
 This function calls:
		___fldiv
		___flmul
		___flsub
		___wmul
		___xxtofl
 This function is called by:
		_Get_Newton
 This function uses a non-reentrant model


 *************** function ___xxtofl *****************
 Defined at:
		line 10 in file "C:\Program Files\Microchip\xc8\v2.20\pic\sources\c90\common\xxtofl.c"
 Parameters:    Size  Location     Type
  sign            1    wreg     unsigned char 
  val             4    8[COMMON] long 
 Auto vars:     Size  Location     Type
  sign            1    4[BANK0 ] unsigned char 
  arg             4    6[BANK0 ] unsigned long 
  exp             1    5[BANK0 ] unsigned char 
 Return value:  Size  Location     Type
                  4    8[COMMON] unsigned char 
 Registers used:
		wreg, status,2, status,0, btemp+1
 Tracked objects:
		On entry : 
		On exit  : 
		Unchanged: 
 Data sizes:     COMMON   BANK0   BANK1   BANK3   BANK2
      Params:         4       0       0       0       0
      Locals:         0       6       0       0       0
      Temps:          0       4       0       0       0
      Totals:         4      10       0       0       0
Total ram usage:       14 bytes
 Hardware stack levels used:    1
 Hardware stack levels required when called:    1
 This function calls:
		Nothing
 This function is called by:
		_Voltage_Value
		_Resistance_Value
 This function uses a non-reentrant model


 *************** function ___wmul *****************
 Defined at:
		line 15 in file "C:\Program Files\Microchip\xc8\v2.20\pic\sources\c90\common\Umul16.c"
 Parameters:    Size  Location     Type
  multiplier      2    2[COMMON] unsigned int 
  multiplicand    2    4[COMMON] unsigned int 
 Auto vars:     Size  Location     Type
  product         2    6[COMMON] unsigned int 
 Return value:  Size  Location     Type
                  2    2[COMMON] unsigned int 
 Registers used:
		wreg, status,2, status,0
 Tracked objects:
		On entry : 
		On exit  : 
		Unchanged: 
 Data sizes:     COMMON   BANK0   BANK1   BANK3   BANK2
      Params:         4       0       0       0       0
      Locals:         2       0       0       0       0
      Temps:          0       0       0       0       0
      Totals:         6       0       0       0       0
Total ram usage:        6 bytes
 Hardware stack levels used:    1
 Hardware stack levels required when called:    1
 This function calls:
		Nothing
 This function is called by:
		_Resistance_Value
 This function uses a non-reentrant model


 *************** function ___flsub *****************
 Defined at:
		line 242 in file "C:\Program Files\Microchip\xc8\v2.20\pic\sources\c90\common\sprcadd.c"
 Parameters:    Size  Location     Type
  a               4   20[BANK0 ] unsigned int 
  b               4   24[BANK0 ] unsigned int 
 Auto vars:     Size  Location     Type
		None
 Return value:  Size  Location     Type
                  4   20[BANK0 ] unsigned int 
 Registers used:
		wreg, status,2, status,0, btemp+1, pclath, cstack
 Tracked objects:
		On entry : 
		On exit  : 
		Unchanged: 
 Data sizes:     COMMON   BANK0   BANK1   BANK3   BANK2
      Params:         0       8       0       0       0
      Locals:         0       0       0       0       0
      Temps:          0       0       0       0       0
      Totals:         0       8       0       0       0
Total ram usage:        8 bytes
 Hardware stack levels used:    1
 Hardware stack levels required when called:    2
 This function calls:
		___fladd
 This function is called by:
		_Resistance_Value
		_conversion_newton
 This function uses a non-reentrant model


 *************** function ___fladd *****************
 Defined at:
		line 10 in file "C:\Program Files\Microchip\xc8\v2.20\pic\sources\c90\common\sprcadd.c"
 Parameters:    Size  Location     Type
  b               4    0[BANK0 ] unsigned int 
  a               4    4[BANK0 ] unsigned int 
 Auto vars:     Size  Location     Type
  grs             1   19[BANK0 ] unsigned char 
  bexp            1   18[BANK0 ] unsigned char 
  aexp            1   17[BANK0 ] unsigned char 
  signs           1   16[BANK0 ] unsigned char 
 Return value:  Size  Location     Type
                  4    0[BANK0 ] unsigned char 
 Registers used:
		wreg, status,2, status,0, btemp+1
 Tracked objects:
		On entry : 
		On exit  : 
		Unchanged: 
 Data sizes:     COMMON   BANK0   BANK1   BANK3   BANK2
      Params:         0       8       0       0       0
      Locals:         0       4       0       0       0
      Temps:          0       8       0       0       0
      Totals:         0      20       0       0       0
Total ram usage:       20 bytes
 Hardware stack levels used:    1
 Hardware stack levels required when called:    1
 This function calls:
		Nothing
 This function is called by:
		_conversion_newton
		___flsub
 This function uses a non-reentrant model


 *************** function ___flmul *****************
 Defined at:
		line 8 in file "C:\Program Files\Microchip\xc8\v2.20\pic\sources\c90\common\sprcmul.c"
 Parameters:    Size  Location     Type
  b               4   54[BANK0 ] unsigned char 
  a               4   58[BANK0 ] unsigned char 
 Auto vars:     Size  Location     Type
  prod            4   74[BANK0 ] struct .
  grs             4   68[BANK0 ] unsigned long 
  temp            2   78[BANK0 ] struct .
  bexp            1   73[BANK0 ] unsigned char 
  aexp            1   72[BANK0 ] unsigned char 
  sign            1   67[BANK0 ] unsigned char 
 Return value:  Size  Location     Type
                  4   54[BANK0 ] unsigned char 
 Registers used:
		wreg, status,2, status,0, btemp+1, pclath, cstack
 Tracked objects:
		On entry : 
		On exit  : 
		Unchanged: 
 Data sizes:     COMMON   BANK0   BANK1   BANK3   BANK2
      Params:         0       8       0       0       0
      Locals:         0      13       0       0       0
      Temps:          0       5       0       0       0
      Totals:         0      26       0       0       0
Total ram usage:       26 bytes
 Hardware stack levels used:    1
 Hardware stack levels required when called:    2
 This function calls:
		__Umul8_16
 This function is called by:
		_Voltage_Value
		_Resistance_Value
		_conversion_newton
		_puts_float
 This function uses a non-reentrant model


 *************** function __Umul8_16 *****************
 Defined at:
		line 4 in file "C:\Program Files\Microchip\xc8\v2.20\pic\sources\c90\common\Umul8_16.c"
 Parameters:    Size  Location     Type
  multiplier      1    wreg     unsigned char 
  multiplicand    1    2[COMMON] unsigned char 
 Auto vars:     Size  Location     Type
  multiplier      1   10[COMMON] unsigned char 
  word_mpld       2    8[COMMON] unsigned int 
  product         2    6[COMMON] unsigned int 
 Return value:  Size  Location     Type
                  2    2[COMMON] unsigned int 
 Registers used:
		wreg, status,2, status,0
 Tracked objects:
		On entry : 
		On exit  : 
		Unchanged: 
 Data sizes:     COMMON   BANK0   BANK1   BANK3   BANK2
      Params:         2       0       0       0       0
      Locals:         5       0       0       0       0
      Temps:          2       0       0       0       0
      Totals:         9       0       0       0       0
Total ram usage:        9 bytes
 Hardware stack levels used:    1
 Hardware stack levels required when called:    1
 This function calls:
		Nothing
 This function is called by:
		___flmul
 This function uses a non-reentrant model


 *************** function ___fldiv *****************
 Defined at:
		line 8 in file "C:\Program Files\Microchip\xc8\v2.20\pic\sources\c90\common\sprcdiv.c"
 Parameters:    Size  Location     Type
  a               4   28[BANK0 ] unsigned int 
  b               4   32[BANK0 ] unsigned int 
 Auto vars:     Size  Location     Type
  grs             4   48[BANK0 ] unsigned long 
  rem             4   41[BANK0 ] unsigned long 
  new_exp         2   46[BANK0 ] int 
  aexp            1   53[BANK0 ] unsigned char 
  bexp            1   52[BANK0 ] unsigned char 
  sign            1   45[BANK0 ] unsigned char 
 Return value:  Size  Location     Type
                  4   28[BANK0 ] unsigned char 
 Registers used:
		wreg, status,2, status,0, btemp+1
 Tracked objects:
		On entry : 
		On exit  : 
		Unchanged: 
 Data sizes:     COMMON   BANK0   BANK1   BANK3   BANK2
      Params:         0       8       0       0       0
      Locals:         0      13       0       0       0
      Temps:          0       5       0       0       0
      Totals:         0      26       0       0       0
Total ram usage:       26 bytes
 Hardware stack levels used:    1
 Hardware stack levels required when called:    1
 This function calls:
		Nothing
 This function is called by:
		_Voltage_Value
		_Resistance_Value
		_conversion_newton
 This function uses a non-reentrant model


 *************** function _PORT_Change_Gain *****************
 Defined at:
		line 173 in file "port.c"
 Parameters:    Size  Location     Type
  INTER0          1    wreg     unsigned char 
  INTER1          1    2[COMMON] unsigned char 
 Auto vars:     Size  Location     Type
  INTER0          1    3[COMMON] unsigned char 
 Return value:  Size  Location     Type
                  2    2[COMMON] unsigned int 
 Registers used:
		wreg, status,2, status,0
 Tracked objects:
		On entry : 
		On exit  : 
		Unchanged: 
 Data sizes:     COMMON   BANK0   BANK1   BANK3   BANK2
      Params:         1       0       0       0       0
      Locals:         1       0       0       0       0
      Temps:          0       0       0       0       0
      Totals:         2       0       0       0       0
Total ram usage:        2 bytes
 Hardware stack levels used:    1
 Hardware stack levels required when called:    1
 This function calls:
		Nothing
 This function is called by:
		_Get_Newton
 This function uses a non-reentrant model


 *************** function _ADC_GetValue *****************
 Defined at:
		line 16 in file "adc.c"
 Parameters:    Size  Location     Type
  channel         1    wreg     unsigned char 
 Auto vars:     Size  Location     Type
  channel         1    3[COMMON] unsigned char 
 Return value:  Size  Location     Type
                  1    wreg      unsigned char 
 Registers used:
		wreg, status,2, status,0, btemp+1, pclath, cstack
 Tracked objects:
		On entry : 
		On exit  : 
		Unchanged: 
 Data sizes:     COMMON   BANK0   BANK1   BANK3   BANK2
      Params:         0       0       0       0       0
      Locals:         1       0       0       0       0
      Temps:          0       0       0       0       0
      Totals:         1       0       0       0       0
Total ram usage:        1 bytes
 Hardware stack levels used:    1
 Hardware stack levels required when called:    2
 This function calls:
		_PORT_Choose_Mux
		_PORT_Get_Value_Adc
		_PORT_Start_ADC
 This function is called by:
		_Get_Newton
 This function uses a non-reentrant model


 *************** function _PORT_Start_ADC *****************
 Defined at:
		line 104 in file "port.c"
 Parameters:    Size  Location     Type
		None
 Auto vars:     Size  Location     Type
		None
 Return value:  Size  Location     Type
                  1    wreg      void 
 Registers used:
		None
 Tracked objects:
		On entry : 
		On exit  : 
		Unchanged: 
 Data sizes:     COMMON   BANK0   BANK1   BANK3   BANK2
      Params:         0       0       0       0       0
      Locals:         0       0       0       0       0
      Temps:          0       0       0       0       0
      Totals:         0       0       0       0       0
Total ram usage:        0 bytes
 Hardware stack levels used:    1
 Hardware stack levels required when called:    1
 This function calls:
		Nothing
 This function is called by:
		_ADC_GetValue
 This function uses a non-reentrant model


 *************** function _PORT_Get_Value_Adc *****************
 Defined at:
		line 118 in file "port.c"
 Parameters:    Size  Location     Type
		None
 Auto vars:     Size  Location     Type
		None
 Return value:  Size  Location     Type
                  1    wreg      unsigned char 
 Registers used:
		wreg
 Tracked objects:
		On entry : 
		On exit  : 
		Unchanged: 
 Data sizes:     COMMON   BANK0   BANK1   BANK3   BANK2
      Params:         0       0       0       0       0
      Locals:         0       0       0       0       0
      Temps:          0       0       0       0       0
      Totals:         0       0       0       0       0
Total ram usage:        0 bytes
 Hardware stack levels used:    1
 Hardware stack levels required when called:    1
 This function calls:
		Nothing
 This function is called by:
		_ADC_GetValue
 This function uses a non-reentrant model


 *************** function _PORT_Choose_Mux *****************
 Defined at:
		line 94 in file "port.c"
 Parameters:    Size  Location     Type
  _value          1    wreg     unsigned char 
 Auto vars:     Size  Location     Type
  _value          1    2[COMMON] unsigned char 
 Return value:  Size  Location     Type
                  1    wreg      void 
 Registers used:
		wreg, status,2, status,0, btemp+1
 Tracked objects:
		On entry : 
		On exit  : 
		Unchanged: 
 Data sizes:     COMMON   BANK0   BANK1   BANK3   BANK2
      Params:         0       0       0       0       0
      Locals:         1       0       0       0       0
      Temps:          0       0       0       0       0
      Totals:         1       0       0       0       0
Total ram usage:        1 bytes
 Hardware stack levels used:    1
 Hardware stack levels required when called:    1
 This function calls:
		Nothing
 This function is called by:
		_ADC_GetValue
 This function uses a non-reentrant model


 *************** function _isr *****************
 Defined at:
		line 78 in file "timer.c"
 Parameters:    Size  Location     Type
		None
 Auto vars:     Size  Location     Type
		None
 Return value:  Size  Location     Type
                  1    wreg      void 
 Registers used:
		None
 Tracked objects:
		On entry : 
		On exit  : 
		Unchanged: 
 Data sizes:     COMMON   BANK0   BANK1   BANK3   BANK2
      Params:         0       0       0       0       0
      Locals:         0       0       0       0       0
      Temps:          2       0       0       0       0
      Totals:         2       0       0       0       0
Total ram usage:        2 bytes
 Hardware stack levels used:    1
 This function calls:
		Nothing
 This function is called by:
		Interrupt level 1
 This function uses a non-reentrant model



MODULE INFORMATION

Module		Function		Class		Link	Load	Size
C:\Program Files\Microchip\xc8\v2.20\pic\sources\c90\common\Umul8_16.c
		__Umul8_16     		CODE           	15B4	0000	40

C:\Program Files\Microchip\xc8\v2.20\pic\sources\c90\common\Umul8_16.c estimated size: 40

C:\Program Files\Microchip\xc8\v2.20\pic\sources\c90\common\sprcadd.c
		___flsub       		CODE           	156B	0000	37
		___fladd       		CODE           	0A17	0000	649

C:\Program Files\Microchip\xc8\v2.20\pic\sources\c90\common\sprcadd.c estimated size: 686

timer.c
		_TIMER_init_timer1		CODE           	151C	0000	19
		_isr           		CODE           	152E	0000	26

timer.c estimated size: 45

C:\Program Files\Microchip\xc8\v2.20\pic\sources\c90\common\xxtofl.c
		___xxtofl      		CODE           	0717	0000	189

C:\Program Files\Microchip\xc8\v2.20\pic\sources\c90\common\xxtofl.c estimated size: 189

port.c
		_PORT_Start_ADC		CODE           	14D8	0000	9
		_PORT_Change_Gain		CODE           	1547	0000	37
		_PORT_Init     		CODE           	0801	0000	58
		_PORT_Select_Mux0		CODE           	14E0	0000	9
		_PORT_Init_Serial		CODE           	07D3	0000	44
		_PORT_Get_Value_Adc		CODE           	14D4	0000	5
		_PORT_Choose_Mux		CODE           	14F8	0000	19
		_PORT_Blink_LED		CODE           	14E8	0000	17

port.c estimated size: 198

adc.c
		_ADC_GetValue  		CODE           	150A	0000	19

adc.c estimated size: 19

C:\Program Files\Microchip\xc8\v2.20\pic\sources\c90\common\flge.c
		___flge        		CODE           	175C	0000	165

C:\Program Files\Microchip\xc8\v2.20\pic\sources\c90\common\flge.c estimated size: 165

shared
		__stringtab    		STRING         	1000	0000	7
		__initialization		CODE           	000F	0000	4
		conversion_newton@F_tab		STRING         	1056	0000	81
		conversion_newton@R_tab		STRING         	1006	0000	81

shared estimated size: 173

C:\Program Files\Microchip\xc8\v2.20\pic\sources\c90\common\Umul16.c
		___wmul        		CODE           	158F	0000	38

C:\Program Files\Microchip\xc8\v2.20\pic\sources\c90\common\Umul16.c estimated size: 38

C:\Program Files\Microchip\xc8\v2.20\pic\sources\c90\common\sprcmul.c
		___flmul       		CODE           	0C9F	0000	866

C:\Program Files\Microchip\xc8\v2.20\pic\sources\c90\common\sprcmul.c estimated size: 866

main.c
		_Get_Newton    		CODE           	161A	0000	84
		_main          		CODE           	15DB	0000	64
		_conversion_newton		CODE           	0016	0000	1794
		_Resistance_Value		CODE           	16CE	0000	143
		_Voltage_Value 		CODE           	166D	0000	98

main.c estimated size: 2183

C:\Program Files\Microchip\xc8\v2.20\pic\sources\c90\common\sprcdiv.c
		___fldiv       		CODE           	083A	0000	478

C:\Program Files\Microchip\xc8\v2.20\pic\sources\c90\common\sprcdiv.c estimated size: 478

