Microchip MPLAB XC8 Compiler V2.20

Linker command line:

-W-3 --edf=C:\Program Files\Microchip\xc8\v2.20\pic\dat\en_msgs.txt -cn \
  -h+dist/default/production\MPLAB_Outil_Reducation_Bebe.X.production.sym \
  --cmf=dist/default/production\MPLAB_Outil_Reducation_Bebe.X.production.cmf \
  -z -w9 --disl=596:off --norlf -Q16F707 \
  -oC:\Users\TEMPGE~1.002\AppData\Local\Temp\sips.2 \
  --defsym=__MPLAB_BUILD=1 \
  -Mdist/default/production/MPLAB_Outil_Reducation_Bebe.X.production.map \
  -E1 -ver=XC8 Compiler --acfsm=1493 -ACODE=00h-07FFhx4 \
  -ASTRCODE=00h-01FFFh -ASTRING=00h-0FFhx32 -ACONST=00h-0FFhx32 \
  -AENTRY=00h-0FFhx32 -ACOMMON=070h-07Fh -ABANK0=020h-06Fh \
  -ABANK1=0A0h-0EFh -ABANK2=0115h-016Fh -ABANK3=0190h-01EFh \
  -ARAM=020h-06Fh,0A0h-0EFh,0115h-016Fh,0190h-01EFh \
  -AABS1=020h-07Fh,0A0h-0EFh,0115h-016Fh,0190h-01EFh -ASFR0=00h-01Fh \
  -ASFR1=080h-09Fh -ASFR2=0100h-0114h -ASFR3=0180h-018Fh \
  -ACONFIG=02007h-02008h -DCONFIG=2 -AIDLOC=02000h-02003h -DIDLOC=2 \
  -preset_vec=00h,intentry,init,end_init -ppowerup=CODE -pcinit=CODE \
  -pfunctab=ENTRY -DCODE=2 -DSTRCODE=2 -DSTRING=2 -DCONST=2 -DENTRY=2 -k \
  C:\Users\TEMPGE~1.002\AppData\Local\Temp\sips.o \
  dist/default/production\MPLAB_Outil_Reducation_Bebe.X.production.o 

Object code version is 3.11

Machine type is 16F707



                Name                               Link     Load   Length Selector   Space Scale
C:\Users\TEMPGE~1.002\AppData\Local\Temp\sips.o
                end_init                              8        8        4        0       0
                config                             2007     2007        2        0       4
dist/default/production\MPLAB_Outil_Reducation_Bebe.X.production.o
                cinit                               7F9      7F9        7      FF2       0
                intentry                              0        0        8        0       0
                config                             2007     2007        2        0       4
                text16                               AC       AC       15      158       0
                text15                               76       76       12       EC       0
                text14                               4D       4D        4       9A       0
                text13                               56       56        8       AC       0
                text12                               88       88       12      110       0
                text11                               66       66       10       CC       0
                text10                               E8       E8       2B      1D0       0
                text9                               113      113       39      226       0
                text8                                51       51        5       A2       0
                text7                                5E       5E        8       BC       0
                text6                                9A       9A       12      134       0
                text5                               2BB      2BB      1DD      576       0
                text4                                C1       C1       27      182       0
                text3                               498      498      361      930       0
                text2                               1FF      1FF       BC      3FE       0
                text1                               14C      14C       4F      298       0
                maintext                            19B      19B       64      336       0
                cstackBANK0                          20       20       4F       20       1
                cstackCOMMON                         70       70        C       70       1
                bssBANK0                             6F       6F        1       20       1

TOTAL           Name                               Link     Load   Length     Space
        CLASS   CODE           
                end_init                              8        8        4         0
                cinit                               7F9      7F9        7         0
                intentry                              0        0        8         0
                text16                               AC       AC       15         0
                text15                               76       76       12         0
                text14                               4D       4D        4         0
                text13                               56       56        8         0
                text12                               88       88       12         0
                text11                               66       66       10         0
                text10                               E8       E8       2B         0
                text9                               113      113       39         0
                text8                                51       51        5         0
                text7                                5E       5E        8         0
                text6                                9A       9A       12         0
                text5                               2BB      2BB      1DD         0
                text4                                C1       C1       27         0
                text3                               498      498      361         0
                text2                               1FF      1FF       BC         0
                text1                               14C      14C       4F         0
                maintext                            19B      19B       64         0

        CLASS   STRCODE        

        CLASS   STRING         

        CLASS   CONST          

        CLASS   ENTRY          

        CLASS   COMMON         
                cstackCOMMON                         70       70        C         1

        CLASS   BANK0          
                cstackBANK0                          20       20       4F         1
                bssBANK0                             6F       6F        1         1

        CLASS   BANK1          

        CLASS   BANK2          

        CLASS   BANK3          

        CLASS   RAM            

        CLASS   ABS1           
                abs_s1                               7E       7E        2         1

        CLASS   SFR0           

        CLASS   SFR1           

        CLASS   SFR2           

        CLASS   SFR3           

        CLASS   CONFIG         
                config                             2007     2007        2         4

        CLASS   IDLOC          

        CLASS   STACK          

        CLASS   EEDATA         



SEGMENTS        Name                           Load    Length   Top    Selector   Space  Class     Delta

                reset_vec                      000000  00000C  00000C         0       0  CODE        2
                cstackBANK0                    000020  000050  000070        20       1  BANK0       1
                cstackCOMMON                   000070  00000C  00007C        70       1  COMMON      1
                text14                         00004D  000004  000051        9A       0  CODE        2
                text8                          000051  000005  000056        A2       0  CODE        2
                text13                         000056  000008  00005E        AC       0  CODE        2
                text7                          00005E  000008  000066        BC       0  CODE        2
                text11                         000066  000010  000076        CC       0  CODE        2
                text15                         000076  000012  000088        EC       0  CODE        2
                text12                         000088  000012  00009A       110       0  CODE        2
                text6                          00009A  000012  0000AC       134       0  CODE        2
                text16                         0000AC  000015  0000C1       158       0  CODE        2
                text4                          0000C1  000027  0000E8       182       0  CODE        2
                text10                         0000E8  00002B  000113       1D0       0  CODE        2
                text9                          000113  000039  00014C       226       0  CODE        2
                text1                          00014C  00004F  00019B       298       0  CODE        2
                maintext                       00019B  000064  0001FF       336       0  CODE        2
                text2                          0001FF  0000BC  0002BB       3FE       0  CODE        2
                text5                          0002BB  0001DD  000498       576       0  CODE        2
                text3                          000498  000361  0007F9       930       0  CODE        2
                cinit                          0007F9  000007  000800       FF2       0  CODE        2


UNUSED ADDRESS RANGES

        Name                Unused          Largest block    Delta
        BANK1            00A0-00EF             50           1
        BANK2            0115-016F             5B           1
        BANK3            0190-01EF             60           1
        CODE             000C-004C             41           2
                         0800-1FFF            800
        COMMON           007C-007D              2           1
        CONST            000C-004C             41           2
                         0800-1FFF            100
        ENTRY            000C-004C             41           2
                         0800-1FFF            100
        IDLOC            2000-2003              4           2
        RAM              00A0-00EF             50           1
                         0115-016F             5B
                         0190-01EF             60
        SFR0             0000-001F             20           1
        SFR1             0080-009F             20           1
        SFR2             0100-0114             15           1
        SFR3             0180-018F             10           1
        STRCODE          000C-004C             41           2
                         0800-1FFF           1800
        STRING           000C-004C             41           2
                         0800-1FFF            100

                                  Symbol Table

_Resistance_Value                             
__Habs1                      abs1         0000
__Hbank0                     bank0        0000
__Hbank1                     bank1        0000
__Hbank2                     bank2        0000
__Hbank3                     bank3        0000
__HbssBANK0                  bssBANK0     0000
__Hclrtext                   clrtext      0000
__Hcode                      code         0000
__Hcommon                    common       0000
__HcstackBANK0               cstackBANK0  0000
__HcstackCOMMON              cstackCOMMON 0000
__Heeprom_data               eeprom_data  0000
__Hfunctab                   functab      0000
__Hmaintext                  maintext     0000
__Hpowerup                   powerup      0000
__Hram                       ram          0000
__Hreset_vec                 reset_vec    0000
__Hsfr0                      sfr0         0000
__Hsfr1                      sfr1         0000
__Hsfr2                      sfr2         0000
__Hsfr3                      sfr3         0000
__Hspace_2                   (abs)        0000
__Hspace_3                   (abs)        0000
__Hstack                     stack        0000
__Hstrings                   strings      0000
__Htext                      text         0000
__Labs1                      abs1         0000
__Lbank0                     bank0        0000
__Lbank1                     bank1        0000
__Lbank2                     bank2        0000
__Lbank3                     bank3        0000
__LbssBANK0                  bssBANK0     0000
__Lclrtext                   clrtext      0000
__Lcode                      code         0000
__Lcommon                    common       0000
__Lconfig                    config       0000
__LcstackBANK0               cstackBANK0  0000
__LcstackCOMMON              cstackCOMMON 0000
__Leeprom_data               eeprom_data  0000
__Lfunctab                   functab      0000
__Lintentry                  intentry     0000
__Lmaintext                  maintext     0000
__Lpowerup                   powerup      0000
__Lram                       ram          0000
__Lreset_vec                 reset_vec    0000
__Lsfr0                      sfr0         0000
__Lsfr1                      sfr1         0000
__Lsfr2                      sfr2         0000
__Lsfr3                      sfr3         0000
__Lspace_0                   (abs)        0000
__Lspace_1                   (abs)        0000
__Lspace_2                   (abs)        0000
__Lspace_3                   (abs)        0000
__Lspace_4                   (abs)        0000
__Lstack                     stack        0000
__Lstrings                   strings      0000
__Ltext                      text         0000
___int_sp                    stack        0000
___sp                        stack        0000
___stackhi                   (abs)        0000
___stacklo                   (abs)        0000
__pintentry                  intentry     0000
__size_of_ADC_GetValue       (abs)        0000
__size_of_PORT_Blink_LED     (abs)        0000
__size_of_PORT_Choose_Mux    (abs)        0000
__size_of_PORT_Get_Value_Adc (abs)        0000
__size_of_PORT_Init          (abs)        0000
__size_of_PORT_Init_Gain     (abs)        0000
__size_of_PORT_Init_Serial   (abs)        0000
__size_of_PORT_Select_Mux1   (abs)        0000
__size_of_PORT_Start_ADC     (abs)        0000
__size_of_TIMER_init_timer1  (abs)        0000
__size_of_Voltage_Value      (abs)        0000
__size_of__Umul8_16          (abs)        0000
__size_of___fldiv            (abs)        0000
__size_of___flmul            (abs)        0000
__size_of___xxtofl           (abs)        0000
__size_of_isr                (abs)        0000
__size_of_main               (abs)        0000
_conversion_newton                            
___latbits                   (abs)        0002
_PORTBbits                   (abs)        0006
_PORTCbits                   (abs)        0007
_PORTD                       (abs)        0008
__Hinit                      init         0008
__Hintentry                  intentry     0008
__Lend_init                  end_init     0008
__Linit                      init         0008
_RCSTA                       (abs)        0018
__Hend_init                  end_init     000C
_TXREG                       (abs)        0019
_ADRES                       (abs)        001E
_ADCON0                      (abs)        001F
___xxtofl@sign               cstackBANK0  0020
__pcstackBANK0               cstackBANK0  0020
___xxtofl@exp                cstackBANK0  0021
___xxtofl@arg                cstackBANK0  0022
?___flmul                    cstackBANK0  0026
___flmul@b                   cstackBANK0  0026
___flmul@a                   cstackBANK0  002A
___flmul@sign                cstackBANK0  0033
___flmul@grs                 cstackBANK0  0034
___flmul@aexp                cstackBANK0  0038
___flmul@bexp                cstackBANK0  0039
___flmul@prod                cstackBANK0  003A
___flmul@temp                cstackBANK0  003E
?___fldiv                    cstackBANK0  0040
___fldiv@a                   cstackBANK0  0040
___fldiv@b                   cstackBANK0  0044
___fldiv@rem                 cstackBANK0  004D
___fldiv@sign                cstackBANK0  0051
___fldiv@new_exp             cstackBANK0  0052
___fldiv@grs                 cstackBANK0  0054
___fldiv@bexp                cstackBANK0  0058
___fldiv@aexp                cstackBANK0  0059
?_Voltage_Value              cstackBANK0  005A
_TMR1IF                      (abs)        0060
_TMRAIF                      (abs)        006C
_Fincompt1                   bssBANK0     006F
__pbssBANK0                  bssBANK0     006F
_Resistance_Value$0          cstackCOMMON 0070
__pcstackCOMMON              cstackCOMMON 0070
_conversion_newton$0         cstackCOMMON 0070
?__Umul8_16                  cstackCOMMON 0072
?___xxtofl                   cstackCOMMON 0072
PORT_Choose_Mux@_value       cstackCOMMON 0072
__Umul8_16@multiplicand      cstackCOMMON 0072
___xxtofl@val                cstackCOMMON 0072
ADC_GetValue@channel         cstackCOMMON 0073
__Umul8_16@product           cstackCOMMON 0076
__Umul8_16@word_mpld         cstackCOMMON 0078
__Umul8_16@multiplier        cstackCOMMON 007A
Voltage_Value@sensor         cstackCOMMON 007B
__Hspace_1                   (abs)        007C
__S1                         (abs)        007C
btemp                        (abs)        007E
_TMR1ON                      (abs)        0080
_T1SYNC                      (abs)        0082
_T1OSCEN                     (abs)        0083
_T1CKPS0                     (abs)        0084
_T1CKPS1                     (abs)        0085
_TRISA                       (abs)        0085
_TMRCS0                      (abs)        0086
_TRISB                       (abs)        0086
_TMRCS1                      (abs)        0087
_TRISC                       (abs)        0087
_TRISD                       (abs)        0088
_OSCCON                      (abs)        0090
_WPUB                        (abs)        0095
_TXSTA                       (abs)        0098
_SPBRG                       (abs)        0099
_PORT_Get_Value_Adc          text14       004D
__ptext14                    text14       004D
_FVRCON                      (abs)        009D
_ADCON1                      (abs)        009F
_PORT_Init_Gain              text8        0051
__end_of_PORT_Get_Value_Adc  text14       0051
__ptext8                     text8        0051
_PORT_Start_ADC              text13       0056
__end_of_PORT_Init_Gain      text8        0056
__ptext13                    text13       0056
_PORT_Select_Mux1            text7        005E
__end_of_PORT_Start_ADC      text13       005E
__ptext7                     text7        005E
_PORT_Blink_LED              text11       0066
__end_of_PORT_Select_Mux1    text7        0066
__ptext11                    text11       0066
_PORT_Choose_Mux             text15       0076
__end_of_PORT_Blink_LED      text11       0076
__ptext15                    text15       0076
_GO_nDONE                    (abs)        00F9
_ADC_GetValue                text12       0088
_TMRA                        (abs)        0110
__end_of_PORT_Choose_Mux     text15       0088
__ptext12                    text12       0088
_DACCON0                     (abs)        0113
_DACCON1                     (abs)        0114
_TIMER_init_timer1           text6        009A
__end_of_ADC_GetValue        text12       009A
__ptext6                     text6        009A
__end_of_TIMER_init_timer1   text6        00AC
__ptext16                    text16       00AC
_isr                         text16       00AC
__Umul8_16                   text4        00C1
__end_of_isr                 text16       00C1
__ptext4                     text4        00C1
_ANSELA                      (abs)        0185
_ANSELB                      (abs)        0186
_ANSELD                      (abs)        0188
_PORT_Init_Serial            text10       00E8
__end_of__Umul8_16           text4        00E8
__ptext10                    text10       00E8
_PORT_Init                   text9        0113
__end_of_PORT_Init_Serial    text10       0113
__ptext9                     text9        0113
_Voltage_Value               text1        014C
__end_of_PORT_Init           text9        014C
__ptext1                     text1        014C
__end_of_Voltage_Value       text1        019B
__pmaintext                  maintext     019B
_main                        maintext     019B
___xxtofl                    text2        01FF
__end_of_main                maintext     01FF
__ptext2                     text2        01FF
_TMR1IE                      (abs)        0460
_TMR1GE                      (abs)        047F
___fldiv                     text5        02BB
__end_of___xxtofl            text2        02BB
__ptext5                     text5        02BB
__Hspace_0                   (abs)        0800
__S0                         (abs)        0800
___flmul                     text3        0498
__end_of___fldiv             text5        0498
__ptext3                     text3        0498
__Lcinit                     cinit        07F9
__end_of___flmul             text3        07F9
__initialization             cinit        07F9
__end_of__initialization     cinit        07FC
__Hcinit                     cinit        0800
__Hspace_4                   (abs)        4010
__Hconfig                    config       2009
interrupt_function           intentry     0000
intlevel0                    functab      0000
intlevel1                    functab      0000
intlevel2                    functab      0000
intlevel3                    functab      0000
intlevel4                    functab      0000
intlevel5                    functab      0000
main@Rc                      cstackBANK0  0066
main@Vs                      cstackBANK0  006A
main@sensor1                 cstackBANK0  006E
reset_vec                    reset_vec    0000
start                        init         0008
saved_w                      (abs)        007E
wtemp0                       (abs)        007E
start_initialization         cinit        07F9
end_of_initialization        cinit        07FC
