Microchip MPLAB XC8 Compiler V2.20

Linker command line:

-W-3 --edf=C:\Program Files\Microchip\xc8\v2.20\pic\dat\en_msgs.txt -cn \
  -h+dist/debug/debug\MPLAB_Outil_Reducation_Bebe.X.debug.sym \
  --cmf=dist/debug/debug\MPLAB_Outil_Reducation_Bebe.X.debug.cmf -z \
  -Q16F707 -oC:\Users\TEMPGE~1.002\AppData\Local\Temp\s2sg.2 \
  --defsym=__MPLAB_BUILD=1 \
  -Mdist/debug/debug/MPLAB_Outil_Reducation_Bebe.X.debug.map -E1 \
  -ver=XC8 Compiler --acfsm=1493 -ASTACK=0115h-016Fh -pstack=STACK \
  -ACODE=00h-07FFhx3,01800h-01EFFh -ASTRCODE=00h-01EFFh \
  -ASTRING=00h-0FFhx31 -ACONST=00h-0FFhx31 -AENTRY=00h-0FFhx31 \
  -ACOMMON=071h-07Fh -ABANK0=020h-06Fh -ABANK1=0A0h-0EFh \
  -ABANK2=0115h-016Fh -ABANK3=0190h-01E4h \
  -ARAM=020h-06Fh,0A0h-0EFh,0115h-016Fh,0190h-01E4h \
  -AABS1=020h-07Fh,0A0h-0EFh,0115h-016Fh,0190h-01EFh -ASFR0=00h-01Fh \
  -ASFR1=080h-09Fh -ASFR2=0100h-0114h -ASFR3=0180h-018Fh \
  -ACONFIG=02007h-02008h -DCONFIG=2 -AIDLOC=02000h-02003h -DIDLOC=2 \
  -preset_vec=00h,intentry=04h,init,end_init -ppowerup=CODE -pcinit=CODE \
  -pfunctab=ENTRY -DCODE=2 -DSTRCODE=2 -DSTRING=2 -DCONST=2 -DENTRY=2 -k \
  C:\Users\TEMPGE~1.002\AppData\Local\Temp\s2sg.o \
  dist/debug/debug\MPLAB_Outil_Reducation_Bebe.X.debug.o 

Object code version is 3.11

Machine type is 16F707



                Name                               Link     Load   Length Selector   Space Scale
C:\Users\TEMPGE~1.002\AppData\Local\Temp\s2sg.o
                end_init                              C        C        3        8       0
                reset_vec                             0        0        4        0       0
                config                             2007     2007        2        0       4
dist/debug/debug\MPLAB_Outil_Reducation_Bebe.X.debug.o
                cinit                               7F9      7F9        7      FF2       0
                intentry                              4        4        8        8       0
                text13_split_1                      366      366      493      6CC       0
                config                             2007     2007        2        0       4
                text34                             10BD     10BD       19     217A       0
                text33                             1DAE     1DAE       12     3B5C       0
                text32                             10B9     10B9        4     2172       0
                text31                             1D8E     1D8E        8     3B1C       0
                text30                             1DC0     1DC0       12     3B80       0
                text29                              800      800        C      FF2       0
                text28                             11A3     11A3       67     2346       0
                text27                             114A     114A       59     2294       0
                text26                             1279     1279       7C     24F2       0
                text25                             10D6     10D6       3A     21AC       0
                text24                             1DF6     1DF6       25     3BEC       0
                text23                              850      850      1DD     10A0       0
                text22                             1E40     1E40       27     3C80       0
                text21                              C9F      C9F      361     193E       0
                text20                               DE       DE      288      1BC       0
                text19                             1DD2     1DD2       24     3BA4       0
                text18                             1E1B     1E1B       25     3C36       0
                text17                               22       22       BC       44       0
                text16                             13F8     13F8       90     27F0       0
                text15                             120A     120A       6F     2414       0
                text14                             1525     1525       A4     2A4A       0
                text13                              A2D      A2D      272     145A       0
                text12                             1488     1488       9D     2910       0
                text11                             1371     1371       87     26E2       0
                text10                             12F5     12F5       7C     25EA       0
                text9                               80C      80C       44     1018       0
                text8                              1110     1110       3A     2220       0
                text7                              16A3     16A3      15D     2D46       0
                text6                              15C9     15C9       DA     2B92       0
                text5                              1D9E     1D9E       10     3B3C       0
                text4                              1E67     1E67       2B     3CCE       0
                text3                              1EC7     1EC7       39     3D8E       0
                text2                              1D96     1D96        8     3B2C       0
                text1                                10       10       12       20       0
                maintext                           1E92     1E92       35     3D24       0
                cstackBANK0                          20       20       50       20       1
                cstackCOMMON                         71       71        B       71       1
                cstackBANK1                          A0       A0       45       A0       1
                bssBANK1                             E5       E5        1       A0       1
                strings                            1000     1000       B7     2000       0

TOTAL           Name                               Link     Load   Length     Space
        CLASS   STACK          

        CLASS   CODE           
                end_init                              C        C        3         0
                cinit                               7F9      7F9        7         0
                intentry                              4        4        8         0
                reset_vec                             0        0        4         0
                text13_split_1                      366      366      493         0
                text34                             10BD     10BD       19         0
                text33                             1DAE     1DAE       12         0
                text32                             10B9     10B9        4         0
                text31                             1D8E     1D8E        8         0
                text30                             1DC0     1DC0       12         0
                text29                              800      800        C         0
                text28                             11A3     11A3       67         0
                text27                             114A     114A       59         0
                text26                             1279     1279       7C         0
                text25                             10D6     10D6       3A         0
                text24                             1DF6     1DF6       25         0
                text23                              850      850      1DD         0
                text22                             1E40     1E40       27         0
                text21                              C9F      C9F      361         0
                text20                               DE       DE      288         0
                text19                             1DD2     1DD2       24         0
                text18                             1E1B     1E1B       25         0
                text17                               22       22       BC         0
                text16                             13F8     13F8       90         0
                text15                             120A     120A       6F         0
                text14                             1525     1525       A4         0
                text13                              A2D      A2D      272         0
                text12                             1488     1488       9D         0
                text11                             1371     1371       87         0
                text10                             12F5     12F5       7C         0
                text9                               80C      80C       44         0
                text8                              1110     1110       3A         0
                text7                              16A3     16A3      15D         0
                text6                              15C9     15C9       DA         0
                text5                              1D9E     1D9E       10         0
                text4                              1E67     1E67       2B         0
                text3                              1EC7     1EC7       39         0
                text2                              1D96     1D96        8         0
                text1                                10       10       12         0
                maintext                           1E92     1E92       35         0

        CLASS   STRCODE        

        CLASS   STRING         
                strings                            1000     1000       B7         0

        CLASS   CONST          

        CLASS   ENTRY          

        CLASS   COMMON         
                cstackCOMMON                         71       71        B         1

        CLASS   BANK0          
                cstackBANK0                          20       20       50         1

        CLASS   BANK1          
                cstackBANK1                          A0       A0       45         1
                bssBANK1                             E5       E5        1         1

        CLASS   BANK2          

        CLASS   BANK3          

        CLASS   RAM            

        CLASS   ABS1           
                abs_s1                               7E       7E        2         1

        CLASS   SFR0           

        CLASS   SFR1           

        CLASS   SFR2           

        CLASS   SFR3           

        CLASS   CONFIG         
                config                             2007     2007        2         4

        CLASS   IDLOC          

        CLASS   EEDATA         



SEGMENTS        Name                           Load    Length   Top    Selector   Space  Class     Delta

                reset_vec                      000000  000004  000004         0       0  CODE        2
                intentry                       000004  00000B  00000F         8       0  CODE        2
                cstackBANK0                    000020  000050  000070        20       1  BANK0       1
                text1                          000010  000012  000022        20       0  CODE        2
                text17                         000022  0000BC  0000DE        44       0  CODE        2
                cstackCOMMON                   000071  00000B  00007C        71       1  COMMON      1
                cstackBANK1                    0000A0  000046  0000E6        A0       1  BANK1       1
                text20                         0000DE  000288  000366       1BC       0  CODE        2
                text13_split_1                 000366  000493  0007F9       6CC       0  CODE        2
                cinit                          0007F9  000013  00080C       FF2       0  CODE        2
                text9                          00080C  000044  000850      1018       0  CODE        2
                text23                         000850  0001DD  000A2D      10A0       0  CODE        2
                text13                         000A2D  000272  000C9F      145A       0  CODE        2
                text21                         000C9F  000361  001000      193E       0  CODE        2
                strings                        001000  0000B7  0010B7      2000       0  STRING      2
                text32                         0010B9  000004  0010BD      2172       0  CODE        2
                text34                         0010BD  000019  0010D6      217A       0  CODE        2
                text25                         0010D6  00003A  001110      21AC       0  CODE        2
                text8                          001110  00003A  00114A      2220       0  CODE        2
                text27                         00114A  000059  0011A3      2294       0  CODE        2
                text28                         0011A3  000067  00120A      2346       0  CODE        2
                text15                         00120A  00006F  001279      2414       0  CODE        2
                text26                         001279  00007C  0012F5      24F2       0  CODE        2
                text10                         0012F5  00007C  001371      25EA       0  CODE        2
                text11                         001371  000087  0013F8      26E2       0  CODE        2
                text16                         0013F8  000090  001488      27F0       0  CODE        2
                text12                         001488  00009D  001525      2910       0  CODE        2
                text14                         001525  0000A4  0015C9      2A4A       0  CODE        2
                text6                          0015C9  0000DA  0016A3      2B92       0  CODE        2
                text7                          0016A3  00015D  001800      2D46       0  CODE        2
                text31                         001D8E  000008  001D96      3B1C       0  CODE        2
                text2                          001D96  000008  001D9E      3B2C       0  CODE        2
                text5                          001D9E  000010  001DAE      3B3C       0  CODE        2
                text33                         001DAE  000012  001DC0      3B5C       0  CODE        2
                text30                         001DC0  000012  001DD2      3B80       0  CODE        2
                text19                         001DD2  000024  001DF6      3BA4       0  CODE        2
                text24                         001DF6  000025  001E1B      3BEC       0  CODE        2
                text18                         001E1B  000025  001E40      3C36       0  CODE        2
                text22                         001E40  000027  001E67      3C80       0  CODE        2
                text4                          001E67  00002B  001E92      3CCE       0  CODE        2
                maintext                       001E92  000035  001EC7      3D24       0  CODE        2
                text3                          001EC7  000039  001F00      3D8E       0  CODE        2


UNUSED ADDRESS RANGES

        Name                Unused          Largest block    Delta
        BANK1            0000E6-0000EF                A           1
        BANK2            000115-00016F               5B           1
        BANK3            000190-0001E4               55           1
        CODE             00000F-00000F                1           2
                         0010B7-0010B8                2
                         001800-001D8D              58E
        COMMON           00007C-00007D                2           1
        CONST            00000F-00000F                1           2
                         0010B7-0010B8                2
                         001800-001D8D              100
        ENTRY            00000F-00000F                1           2
                         0010B7-0010B8                2
                         001800-001D8D              100
        IDLOC            002000-002003                4           2
        RAM              0000E6-0000EF                A           1
                         000115-00016F               5B
                         000190-0001E4               55
        SFR0             000000-00001F               20           1
        SFR1             000080-00009F               20           1
        SFR2             000100-000114               15           1
        SFR3             000180-00018F               10           1
        STACK            000115-00016F               5B           1
        STRCODE          00000F-00000F                1           2
                         0010B7-0010B8                2
                         001800-001D8D              58E
        STRING           00000F-00000F                1           2
                         0010B7-0010B8                2
                         001800-001D8D              100

                                  Symbol Table

?_Get_Newton                     cstackBANK1  0000C7
?_PORT_Change_Gain               cstackCOMMON 000073
?_Resistance_Value               cstackBANK1  0000A0
?_Voltage_Value                  cstackBANK1  0000A0
?__Umul8_16                      cstackCOMMON 000073
?___aldiv                        cstackCOMMON 000073
?___almod                        cstackCOMMON 000073
?___awdiv                        cstackCOMMON 000073
?___awmod                        cstackCOMMON 000073
?___fladd                        cstackBANK0  000020
?___fldiv                        cstackBANK0  00003C
?___flmul                        cstackBANK0  000056
?___flsub                        cstackBANK0  000034
?___fltol                        cstackCOMMON 000073
?___lwdiv                        cstackCOMMON 000073
?___lwmod                        cstackCOMMON 000073
?___wmul                         cstackCOMMON 000073
?___xxtofl                       cstackBANK0  000020
?_conversion_newton              cstackBANK1  0000A0
ADC_GetValue@channel             cstackCOMMON 000074
Affichage_brut@affiche           cstackBANK0  000024
Affichage_brut@valeur_a_afficher cstackBANK0  000020
Affichage_brut@valueMetrics      cstackBANK0  000025
Get_Newton@F                     cstackBANK1  0000D1
Get_Newton@INTER0                cstackBANK1  0000DB
Get_Newton@INTER1                cstackBANK1  0000C7
Get_Newton@R                     cstackBANK1  0000D5
Get_Newton@Rc                    cstackBANK1  0000D7
Get_Newton@Vs                    cstackBANK1  0000CD
Get_Newton@sensor_Channel        cstackBANK1  0000C8
Get_Newton@sensor_value          cstackBANK1  0000DC
PORT_Change_Gain@INTER0          cstackCOMMON 000076
PORT_Change_Gain@INTER1          cstackCOMMON 000073
PORT_Choose_Mux@_value           cstackCOMMON 000073
PORT_putString@chaine            cstackCOMMON 000076
PORT_putString@i                 cstackCOMMON 000074
PORT_putchar@c                   cstackCOMMON 000073
Resistance_Value@R               cstackBANK1  0000A4
Resistance_Value@Voltage         cstackBANK1  0000A0
Voltage_Value@sensor             cstackBANK1  0000A8
_ADCON0                          (abs)        00001F
_ADCON1                          (abs)        00009F
_ADC_GetValue                    text30       001DC0
_ADRES                           (abs)        00001E
_ANSELA                          (abs)        000185
_ANSELB                          (abs)        000186
_ANSELD                          (abs)        000188
_Affichage_brut                  text26       001279
_DACCON0                         (abs)        000113
_DACCON1                         (abs)        000114
_FVRCON                          (abs)        00009D
_Fincompt1                       bssBANK1     0000E5
_GO_nDONE                        (abs)        0000F9
_Get_Newton                      text6        0015C9
_OSCCON                          (abs)        000090
_PORTBbits                       (abs)        000006
_PORTCbits                       (abs)        000007
_PORTD                           (abs)        000008
_PORT_Blink_LED                  text5        001D9E
_PORT_Change_Gain                text25       0010D6
_PORT_Choose_Mux                 text33       001DAE
_PORT_Get_Value_Adc              text32       0010B9
_PORT_Init                       text3        001EC7
_PORT_Init_Serial                text4        001E67
_PORT_Select_Mux0                text2        001D96
_PORT_Start_ADC                  text31       001D8E
_PORT_putString                  text24       001DF6
_PORT_putchar                    text29       000800
_RCSTA                           (abs)        000018
_Resistance_Value                text16       0013F8
_SPBRG                           (abs)        000099
_T1CKPS0                         (abs)        000084
_T1CKPS1                         (abs)        000085
_T1OSCEN                         (abs)        000083
_T1SYNC                          (abs)        000082
_TIMER_init_timer1               text1        000010
_TMR1GE                          (abs)        00047F
_TMR1IE                          (abs)        000460
_TMR1IF                          (abs)        000060
_TMR1ON                          (abs)        000080
_TMRA                            (abs)        000110
_TMRAIF                          (abs)        00006C
_TMRCS0                          (abs)        000086
_TMRCS1                          (abs)        000087
_TRISA                           (abs)        000085
_TRISB                           (abs)        000086
_TRISC                           (abs)        000087
_TRISD                           (abs)        000088
_TXREG                           (abs)        000019
_TXSTA                           (abs)        000098
_Voltage_Value                   text15       00120A
_WPUB                            (abs)        000095
__Habs1                          abs1         000000
__Hbank0                         bank0        000000
__Hbank1                         bank1        000000
__Hbank2                         bank2        000000
__Hbank3                         bank3        000000
__HbssBANK1                      bssBANK1     000000
__Hcinit                         cinit        000800
__Hclrtext                       clrtext      000000
__Hcode                          code         000000
__Hcommon                        common       000000
__Hconfig                        config       002009
__HcstackBANK0                   cstackBANK0  000000
__HcstackBANK1                   cstackBANK1  000000
__HcstackCOMMON                  cstackCOMMON 000000
__Heeprom_data                   eeprom_data  000000
__Hend_init                      end_init     00000F
__Hfunctab                       functab      000000
__Hinit                          init         00000C
__Hintentry                      intentry     00000C
__Hmaintext                      maintext     000000
__Hpowerup                       powerup      000000
__Hram                           ram          000000
__Hreset_vec                     reset_vec    000004
__Hsfr0                          sfr0         000000
__Hsfr1                          sfr1         000000
__Hsfr2                          sfr2         000000
__Hsfr3                          sfr3         000000
__Hspace_0                       (abs)        001F00
__Hspace_1                       (abs)        0000E6
__Hspace_2                       (abs)        000000
__Hspace_3                       (abs)        000000
__Hspace_4                       (abs)        004010
__Hstack                         stack        000000
__Hstrings                       strings      000000
__Htext                          text         000000
__Labs1                          abs1         000000
__Lbank0                         bank0        000000
__Lbank1                         bank1        000000
__Lbank2                         bank2        000000
__Lbank3                         bank3        000000
__LbssBANK1                      bssBANK1     000000
__Lcinit                         cinit        0007F9
__Lclrtext                       clrtext      000000
__Lcode                          code         000000
__Lcommon                        common       000000
__Lconfig                        config       000000
__LcstackBANK0                   cstackBANK0  000000
__LcstackBANK1                   cstackBANK1  000000
__LcstackCOMMON                  cstackCOMMON 000000
__Leeprom_data                   eeprom_data  000000
__Lend_init                      end_init     00000C
__Lfunctab                       functab      000000
__Linit                          init         00000C
__Lintentry                      intentry     000004
__Lmaintext                      maintext     000000
__Lpowerup                       powerup      000000
__Lram                           ram          000000
__Lreset_vec                     reset_vec    000000
__Lsfr0                          sfr0         000000
__Lsfr1                          sfr1         000000
__Lsfr2                          sfr2         000000
__Lsfr3                          sfr3         000000
__Lspace_0                       (abs)        000000
__Lspace_1                       (abs)        000000
__Lspace_2                       (abs)        000000
__Lspace_3                       (abs)        000000
__Lspace_4                       (abs)        000000
__Lstack                         stack        000000
__Lstrings                       strings      000000
__Ltext                          text         000000
__S0                             (abs)        001F00
__S1                             (abs)        0000E6
__S2                             (abs)        000000
__Umul8_16                       text22       001E40
__Umul8_16@multiplicand          cstackCOMMON 000073
__Umul8_16@multiplier            cstackCOMMON 00007B
__Umul8_16@product               cstackCOMMON 000077
__Umul8_16@word_mpld             cstackCOMMON 000079
___aldiv                         text12       001488
___aldiv@counter                 cstackBANK0  000020
___aldiv@dividend                cstackCOMMON 000077
___aldiv@divisor                 cstackCOMMON 000073
___aldiv@quotient                cstackBANK0  000022
___aldiv@sign                    cstackBANK0  000021
___almod                         text11       001371
___almod@counter                 cstackBANK0  000020
___almod@dividend                cstackCOMMON 000077
___almod@divisor                 cstackCOMMON 000073
___almod@sign                    cstackBANK0  000021
___awdiv                         text28       0011A3
___awdiv@counter                 cstackCOMMON 000077
___awdiv@dividend                cstackCOMMON 000075
___awdiv@divisor                 cstackCOMMON 000073
___awdiv@quotient                cstackCOMMON 000079
___awdiv@sign                    cstackCOMMON 000078
___awmod                         text27       00114A
___awmod@counter                 cstackCOMMON 000077
___awmod@dividend                cstackCOMMON 000075
___awmod@divisor                 cstackCOMMON 000073
___awmod@sign                    cstackCOMMON 000078
___fladd                         text20       0000DE
___fladd@a                       cstackBANK0  000024
___fladd@aexp                    cstackBANK0  000031
___fladd@b                       cstackBANK0  000020
___fladd@bexp                    cstackBANK0  000032
___fladd@grs                     cstackBANK0  000033
___fladd@signs                   cstackBANK0  000030
___fldiv                         text23       000850
___fldiv@a                       cstackBANK0  00003C
___fldiv@aexp                    cstackBANK0  000055
___fldiv@b                       cstackBANK0  000040
___fldiv@bexp                    cstackBANK0  000054
___fldiv@grs                     cstackBANK0  000050
___fldiv@new_exp                 cstackBANK0  00004E
___fldiv@rem                     cstackBANK0  000049
___fldiv@sign                    cstackBANK0  00004D
___flge                          text14       001525
___flge@ff1                      cstackCOMMON 000073
___flge@ff2                      cstackCOMMON 000077
___flmul                         text21       000C9F
___flmul@a                       cstackBANK0  00005A
___flmul@aexp                    cstackBANK0  000068
___flmul@b                       cstackBANK0  000056
___flmul@bexp                    cstackBANK0  000069
___flmul@grs                     cstackBANK0  000064
___flmul@prod                    cstackBANK0  00006A
___flmul@sign                    cstackBANK0  000063
___flmul@temp                    cstackBANK0  00006E
___flsub                         text19       001DD2
___flsub@a                       cstackBANK0  000034
___flsub@b                       cstackBANK0  000038
___fltol                         text10       0012F5
___fltol@exp1                    cstackBANK0  000021
___fltol@f1                      cstackCOMMON 000073
___fltol@sign1                   cstackBANK0  000020
___int_sp                        stack        000000
___latbits                       (abs)        000002
___lwdiv                         text9        00080C
___lwdiv@counter                 cstackCOMMON 000079
___lwdiv@dividend                cstackCOMMON 000075
___lwdiv@divisor                 cstackCOMMON 000073
___lwdiv@quotient                cstackCOMMON 000077
___lwmod                         text8        001110
___lwmod@counter                 cstackCOMMON 000077
___lwmod@dividend                cstackCOMMON 000075
___lwmod@divisor                 cstackCOMMON 000073
___sp                            stack        000000
___stackhi                       (abs)        000000
___stacklo                       (abs)        000000
___wmul                          text18       001E1B
___wmul@multiplicand             cstackCOMMON 000075
___wmul@multiplier               cstackCOMMON 000073
___wmul@product                  cstackCOMMON 000077
___xxtofl                        text17       000022
___xxtofl@arg                    cstackBANK0  00002A
___xxtofl@exp                    cstackBANK0  000029
___xxtofl@sign                   cstackBANK0  000028
___xxtofl@val                    cstackBANK0  000020
__end_of_ADC_GetValue            text30       001DD2
__end_of_Affichage_brut          text26       0012F5
__end_of_Get_Newton              text6        0016A3
__end_of_PORT_Blink_LED          text5        001DAE
__end_of_PORT_Change_Gain        text25       001110
__end_of_PORT_Choose_Mux         text33       001DC0
__end_of_PORT_Get_Value_Adc      text32       0010BD
__end_of_PORT_Init               text3        001F00
__end_of_PORT_Init_Serial        text4        001E92
__end_of_PORT_Select_Mux0        text2        001D9E
__end_of_PORT_Start_ADC          text31       001D96
__end_of_PORT_putString          text24       001E1B
__end_of_PORT_putchar            text29       00080C
__end_of_Resistance_Value        text16       001488
__end_of_TIMER_init_timer1       text1        000022
__end_of_Voltage_Value           text15       001279
__end_of__Umul8_16               text22       001E67
__end_of___aldiv                 text12       001525
__end_of___almod                 text11       0013F8
__end_of___awdiv                 text28       00120A
__end_of___awmod                 text27       0011A3
__end_of___fladd                 text20       000366
__end_of___fldiv                 text23       000A2D
__end_of___flge                  text14       0015C9
__end_of___flmul                 text21       001000
__end_of___flsub                 text19       001DF6
__end_of___fltol                 text10       001371
__end_of___lwdiv                 text9        000850
__end_of___lwmod                 text8        00114A
__end_of___wmul                  text18       001E40
__end_of___xxtofl                text17       0000DE
__end_of__initialization         cinit        0007FC
__end_of__stringtab              strings      001006
__end_of_conversion_newton       text13_split_1 0007F9
__end_of_isr                     text34       0010D6
__end_of_main                    maintext     001EC7
__end_of_puts_float              text7        001800
__end_ofconversion_newton@F_tab  strings      0010A6
__end_ofconversion_newton@R_tab  strings      001056
__initialization                 cinit        0007F9
__pbssBANK1                      bssBANK1     0000E5
__pcstackBANK0                   cstackBANK0  000020
__pcstackBANK1                   cstackBANK1  0000A0
__pcstackCOMMON                  cstackCOMMON 000071
__pintentry                      intentry     000004
__pmaintext                      maintext     001E92
__pstrings                       strings      001000
__ptext1                         text1        000010
__ptext10                        text10       0012F5
__ptext11                        text11       001371
__ptext12                        text12       001488
__ptext13                        text13       000A2D
__ptext14                        text14       001525
__ptext15                        text15       00120A
__ptext16                        text16       0013F8
__ptext17                        text17       000022
__ptext18                        text18       001E1B
__ptext19                        text19       001DD2
__ptext2                         text2        001D96
__ptext20                        text20       0000DE
__ptext21                        text21       000C9F
__ptext22                        text22       001E40
__ptext23                        text23       000850
__ptext24                        text24       001DF6
__ptext25                        text25       0010D6
__ptext26                        text26       001279
__ptext27                        text27       00114A
__ptext28                        text28       0011A3
__ptext29                        text29       000800
__ptext3                         text3        001EC7
__ptext30                        text30       001DC0
__ptext31                        text31       001D8E
__ptext32                        text32       0010B9
__ptext33                        text33       001DAE
__ptext34                        text34       0010BD
__ptext4                         text4        001E67
__ptext5                         text5        001D9E
__ptext6                         text6        0015C9
__ptext7                         text7        0016A3
__ptext8                         text8        001110
__ptext9                         text9        00080C
__size_of_ADC_GetValue           (abs)        000000
__size_of_Affichage_brut         (abs)        000000
__size_of_Get_Newton             (abs)        000000
__size_of_PORT_Blink_LED         (abs)        000000
__size_of_PORT_Change_Gain       (abs)        000000
__size_of_PORT_Choose_Mux        (abs)        000000
__size_of_PORT_Get_Value_Adc     (abs)        000000
__size_of_PORT_Init              (abs)        000000
__size_of_PORT_Init_Serial       (abs)        000000
__size_of_PORT_Select_Mux0       (abs)        000000
__size_of_PORT_Start_ADC         (abs)        000000
__size_of_PORT_putString         (abs)        000000
__size_of_PORT_putchar           (abs)        000000
__size_of_Resistance_Value       (abs)        000000
__size_of_TIMER_init_timer1      (abs)        000000
__size_of_Voltage_Value          (abs)        000000
__size_of__Umul8_16              (abs)        000000
__size_of___aldiv                (abs)        000000
__size_of___almod                (abs)        000000
__size_of___awdiv                (abs)        000000
__size_of___awmod                (abs)        000000
__size_of___fladd                (abs)        000000
__size_of___fldiv                (abs)        000000
__size_of___flge                 (abs)        000000
__size_of___flmul                (abs)        000000
__size_of___flsub                (abs)        000000
__size_of___fltol                (abs)        000000
__size_of___lwdiv                (abs)        000000
__size_of___lwmod                (abs)        000000
__size_of___wmul                 (abs)        000000
__size_of___xxtofl               (abs)        000000
__size_of_conversion_newton      (abs)        000000
__size_of_isr                    (abs)        000000
__size_of_main                   (abs)        000000
__size_of_puts_float             (abs)        000000
__stringbase                     strings      001005
__stringtab                      strings      001000
_conversion_newton               text13       000A2D
_conversion_newton$778           cstackBANK1  0000BD
_isr                             text34       0010BD
_main                            maintext     001E92
_puts_float                      text7        0016A3
btemp                            (abs)        00007E
conversion_newton@F              cstackBANK1  0000C1
conversion_newton@F_tab          strings      001056
conversion_newton@R_tab          strings      001006
conversion_newton@Rc             cstackBANK1  0000A0
conversion_newton@n              cstackBANK1  0000C5
end_of_initialization            cinit        0007FC
interrupt_function               intentry     000004
intlevel0                        functab      000000
intlevel1                        functab      000000
intlevel2                        functab      000000
intlevel3                        functab      000000
intlevel4                        functab      000000
intlevel5                        functab      000000
main@F                           cstackBANK1  0000E1
pnum$text13                      (abs)        000015
pnum$text13_split_1              (abs)        00002D
psplit$0                         (abs)        15002D
puts_float@Valeur                cstackBANK1  0000A0
puts_float@affiche               cstackBANK1  0000A4
puts_float@valueMetrics          cstackBANK1  0000A6
reset_vec                        reset_vec    000000
saved_w                          (abs)        00007E
start                            init         00000C
start_initialization             cinit        0007F9
wtemp0                           (abs)        00007E


FUNCTION INFORMATION:

 *************** function _main *****************
 Defined at:
		line 24 in file "main.c"
 Parameters:    Size  Location     Type
		None
 Auto vars:     Size  Location     Type
  F               4   65[BANK1 ] float 
  Debug           4    0        float 
 Return value:  Size  Location     Type
                  1    wreg      void 
 Registers used:
		wreg, fsr0l, fsr0h, status,2, status,0, btemp+1, pclath, cstack
 Tracked objects:
		On entry : 
		On exit  : 
		Unchanged: 
 Data sizes:     COMMON   BANK0   BANK1   BANK3   BANK2
      Params:         0       0       0       0       0
      Locals:         0       0       8       0       0
      Temps:          0       0       0       0       0
      Totals:         0       0       8       0       0
Total ram usage:        8 bytes
 Hardware stack levels required when called:    5
 This function calls:
		_Get_Newton
		_PORT_Blink_LED
		_PORT_Init
		_PORT_Select_Mux0
		_TIMER_init_timer1
 This function is called by:
		Startup code after reset
 This function uses a non-reentrant model


 *************** function _TIMER_init_timer1 *****************
 Defined at:
		line 8 in file "timer.c"
 Parameters:    Size  Location     Type
		None
 Auto vars:     Size  Location     Type
		None
 Return value:  Size  Location     Type
                  1    wreg      void 
 Registers used:
		wreg
 Tracked objects:
		On entry : 
		On exit  : 
		Unchanged: 
 Data sizes:     COMMON   BANK0   BANK1   BANK3   BANK2
      Params:         0       0       0       0       0
      Locals:         0       0       0       0       0
      Temps:          0       0       0       0       0
      Totals:         0       0       0       0       0
Total ram usage:        0 bytes
 Hardware stack levels used:    1
 Hardware stack levels required when called:    1
 This function calls:
		Nothing
 This function is called by:
		_main
 This function uses a non-reentrant model


 *************** function _PORT_Select_Mux0 *****************
 Defined at:
		line 149 in file "port.c"
 Parameters:    Size  Location     Type
		None
 Auto vars:     Size  Location     Type
		None
 Return value:  Size  Location     Type
                  1    wreg      void 
 Registers used:
		wreg, status,2, status,0, btemp+1
 Tracked objects:
		On entry : 
		On exit  : 
		Unchanged: 
 Data sizes:     COMMON   BANK0   BANK1   BANK3   BANK2
      Params:         0       0       0       0       0
      Locals:         0       0       0       0       0
      Temps:          0       0       0       0       0
      Totals:         0       0       0       0       0
Total ram usage:        0 bytes
 Hardware stack levels used:    1
 Hardware stack levels required when called:    1
 This function calls:
		Nothing
 This function is called by:
		_main
 This function uses a non-reentrant model


 *************** function _PORT_Init *****************
 Defined at:
		line 44 in file "port.c"
 Parameters:    Size  Location     Type
		None
 Auto vars:     Size  Location     Type
		None
 Return value:  Size  Location     Type
                  1    wreg      void 
 Registers used:
		wreg, status,2, status,0, pclath, cstack
 Tracked objects:
		On entry : 
		On exit  : 
		Unchanged: 
 Data sizes:     COMMON   BANK0   BANK1   BANK3   BANK2
      Params:         0       0       0       0       0
      Locals:         0       0       0       0       0
      Temps:          1       0       0       0       0
      Totals:         1       0       0       0       0
Total ram usage:        1 bytes
 Hardware stack levels used:    1
 Hardware stack levels required when called:    2
 This function calls:
		_PORT_Init_Serial
 This function is called by:
		_main
 This function uses a non-reentrant model


 *************** function _PORT_Init_Serial *****************
 Defined at:
		line 15 in file "port.c"
 Parameters:    Size  Location     Type
		None
 Auto vars:     Size  Location     Type
		None
 Return value:  Size  Location     Type
                  1    wreg      void 
 Registers used:
		wreg, status,2
 Tracked objects:
		On entry : 
		On exit  : 
		Unchanged: 
 Data sizes:     COMMON   BANK0   BANK1   BANK3   BANK2
      Params:         0       0       0       0       0
      Locals:         0       0       0       0       0
      Temps:          0       0       0       0       0
      Totals:         0       0       0       0       0
Total ram usage:        0 bytes
 Hardware stack levels used:    1
 Hardware stack levels required when called:    1
 This function calls:
		Nothing
 This function is called by:
		_PORT_Init
 This function uses a non-reentrant model


 *************** function _PORT_Blink_LED *****************
 Defined at:
		line 84 in file "port.c"
 Parameters:    Size  Location     Type
		None
 Auto vars:     Size  Location     Type
		None
 Return value:  Size  Location     Type
                  1    wreg      void 
 Registers used:
		status,0
 Tracked objects:
		On entry : 
		On exit  : 
		Unchanged: 
 Data sizes:     COMMON   BANK0   BANK1   BANK3   BANK2
      Params:         0       0       0       0       0
      Locals:         0       0       0       0       0
      Temps:          0       0       0       0       0
      Totals:         0       0       0       0       0
Total ram usage:        0 bytes
 Hardware stack levels used:    1
 Hardware stack levels required when called:    1
 This function calls:
		Nothing
 This function is called by:
		_main
 This function uses a non-reentrant model


 *************** function _Get_Newton *****************
 Defined at:
		line 196 in file "main.c"
 Parameters:    Size  Location     Type
  INTER0          1    wreg     unsigned char 
  INTER1          1   39[BANK1 ] unsigned char 
  sensor_Chann    1   40[BANK1 ] unsigned char 
 Auto vars:     Size  Location     Type
  INTER0          1   59[BANK1 ] unsigned char 
  Rc              4   55[BANK1 ] float 
  F               4   49[BANK1 ] float 
  Vs              4   45[BANK1 ] float 
  R               2   53[BANK1 ] unsigned int 
  sensor_value    1   60[BANK1 ] unsigned char 
 Return value:  Size  Location     Type
                  4   39[BANK1 ] float 
 Registers used:
		wreg, fsr0l, fsr0h, status,2, status,0, btemp+1, pclath, cstack
 Tracked objects:
		On entry : 
		On exit  : 
		Unchanged: 
 Data sizes:     COMMON   BANK0   BANK1   BANK3   BANK2
      Params:         0       0       4       0       0
      Locals:         0       0      16       0       0
      Temps:          0       0       2       0       0
      Totals:         0       0      22       0       0
Total ram usage:       22 bytes
 Hardware stack levels used:    1
 Hardware stack levels required when called:    4
 This function calls:
		_ADC_GetValue
		_Affichage_brut
		_PORT_Change_Gain
		_PORT_putString
		_PORT_putchar
		_Resistance_Value
		_Voltage_Value
		_conversion_newton
		_puts_float
 This function is called by:
		_main
 This function uses a non-reentrant model


 *************** function _puts_float *****************
 Defined at:
		line 73 in file "main.c"
 Parameters:    Size  Location     Type
  Valeur          4    0[BANK1 ] float 
 Auto vars:     Size  Location     Type
  valueMetrics    6    6[BANK1 ] struct .
  affiche         2    4[BANK1 ] unsigned int 
 Return value:  Size  Location     Type
                  1    wreg      void 
 Registers used:
		wreg, status,2, status,0, btemp+1, pclath, cstack
 Tracked objects:
		On entry : 
		On exit  : 
		Unchanged: 
 Data sizes:     COMMON   BANK0   BANK1   BANK3   BANK2
      Params:         0       0       4       0       0
      Locals:         0       0       8       0       0
      Temps:          0       0       0       0       0
      Totals:         0       0      12       0       0
Total ram usage:       12 bytes
 Hardware stack levels used:    1
 Hardware stack levels required when called:    3
 This function calls:
		_PORT_putchar
		___aldiv
		___almod
		___flmul
		___fltol
		___lwdiv
		___lwmod
 This function is called by:
		_Get_Newton
 This function uses a non-reentrant model


 *************** function ___lwmod *****************
 Defined at:
		line 5 in file "C:\Program Files\Microchip\xc8\v2.20\pic\sources\c90\common\lwmod.c"
 Parameters:    Size  Location     Type
  divisor         2    2[COMMON] unsigned int 
  dividend        2    4[COMMON] unsigned int 
 Auto vars:     Size  Location     Type
  counter         1    6[COMMON] unsigned char 
 Return value:  Size  Location     Type
                  2    2[COMMON] unsigned int 
 Registers used:
		wreg, status,2, status,0, btemp+1
 Tracked objects:
		On entry : 
		On exit  : 
		Unchanged: 
 Data sizes:     COMMON   BANK0   BANK1   BANK3   BANK2
      Params:         4       0       0       0       0
      Locals:         1       0       0       0       0
      Temps:          0       0       0       0       0
      Totals:         5       0       0       0       0
Total ram usage:        5 bytes
 Hardware stack levels used:    1
 Hardware stack levels required when called:    1
 This function calls:
		Nothing
 This function is called by:
		_puts_float
 This function uses a non-reentrant model


 *************** function ___lwdiv *****************
 Defined at:
		line 5 in file "C:\Program Files\Microchip\xc8\v2.20\pic\sources\c90\common\lwdiv.c"
 Parameters:    Size  Location     Type
  divisor         2    2[COMMON] unsigned int 
  dividend        2    4[COMMON] unsigned int 
 Auto vars:     Size  Location     Type
  quotient        2    6[COMMON] unsigned int 
  counter         1    8[COMMON] unsigned char 
 Return value:  Size  Location     Type
                  2    2[COMMON] unsigned int 
 Registers used:
		wreg, status,2, status,0, btemp+1
 Tracked objects:
		On entry : 
		On exit  : 
		Unchanged: 
 Data sizes:     COMMON   BANK0   BANK1   BANK3   BANK2
      Params:         4       0       0       0       0
      Locals:         3       0       0       0       0
      Temps:          0       0       0       0       0
      Totals:         7       0       0       0       0
Total ram usage:        7 bytes
 Hardware stack levels used:    1
 Hardware stack levels required when called:    1
 This function calls:
		Nothing
 This function is called by:
		_puts_float
 This function uses a non-reentrant model


 *************** function ___fltol *****************
 Defined at:
		line 43 in file "C:\Program Files\Microchip\xc8\v2.20\pic\sources\c90\common\fltol.c"
 Parameters:    Size  Location     Type
  f1              4    2[COMMON] unsigned int 
 Auto vars:     Size  Location     Type
  exp1            1    1[BANK0 ] unsigned char 
  sign1           1    0[BANK0 ] unsigned char 
 Return value:  Size  Location     Type
                  4    2[COMMON] long 
 Registers used:
		wreg, status,2, status,0, btemp+1
 Tracked objects:
		On entry : 
		On exit  : 
		Unchanged: 
 Data sizes:     COMMON   BANK0   BANK1   BANK3   BANK2
      Params:         4       0       0       0       0
      Locals:         0       2       0       0       0
      Temps:          4       0       0       0       0
      Totals:         8       2       0       0       0
Total ram usage:       10 bytes
 Hardware stack levels used:    1
 Hardware stack levels required when called:    1
 This function calls:
		Nothing
 This function is called by:
		_puts_float
 This function uses a non-reentrant model


 *************** function ___almod *****************
 Defined at:
		line 5 in file "C:\Program Files\Microchip\xc8\v2.20\pic\sources\c90\common\almod.c"
 Parameters:    Size  Location     Type
  divisor         4    2[COMMON] long 
  dividend        4    6[COMMON] long 
 Auto vars:     Size  Location     Type
  sign            1    1[BANK0 ] unsigned char 
  counter         1    0[BANK0 ] unsigned char 
 Return value:  Size  Location     Type
                  4    2[COMMON] long 
 Registers used:
		wreg, status,2, status,0, btemp+1
 Tracked objects:
		On entry : 
		On exit  : 
		Unchanged: 
 Data sizes:     COMMON   BANK0   BANK1   BANK3   BANK2
      Params:         8       0       0       0       0
      Locals:         0       2       0       0       0
      Temps:          1       0       0       0       0
      Totals:         9       2       0       0       0
Total ram usage:       11 bytes
 Hardware stack levels used:    1
 Hardware stack levels required when called:    1
 This function calls:
		Nothing
 This function is called by:
		_puts_float
 This function uses a non-reentrant model


 *************** function ___aldiv *****************
 Defined at:
		line 5 in file "C:\Program Files\Microchip\xc8\v2.20\pic\sources\c90\common\aldiv.c"
 Parameters:    Size  Location     Type
  divisor         4    2[COMMON] long 
  dividend        4    6[COMMON] long 
 Auto vars:     Size  Location     Type
  quotient        4    2[BANK0 ] long 
  sign            1    1[BANK0 ] unsigned char 
  counter         1    0[BANK0 ] unsigned char 
 Return value:  Size  Location     Type
                  4    2[COMMON] long 
 Registers used:
		wreg, status,2, status,0, btemp+1
 Tracked objects:
		On entry : 
		On exit  : 
		Unchanged: 
 Data sizes:     COMMON   BANK0   BANK1   BANK3   BANK2
      Params:         8       0       0       0       0
      Locals:         0       6       0       0       0
      Temps:          1       0       0       0       0
      Totals:         9       6       0       0       0
Total ram usage:       15 bytes
 Hardware stack levels used:    1
 Hardware stack levels required when called:    1
 This function calls:
		Nothing
 This function is called by:
		_puts_float
 This function uses a non-reentrant model


 *************** function _conversion_newton *****************
 Defined at:
		line 127 in file "main.c"
 Parameters:    Size  Location     Type
  Rc              4    0[BANK1 ] float 
 Auto vars:     Size  Location     Type
  F               4   33[BANK1 ] float 
  n               2   37[BANK1 ] int 
 Return value:  Size  Location     Type
                  4    0[BANK1 ] float 
 Registers used:
		wreg, fsr0l, fsr0h, status,2, status,0, btemp+1, pclath, cstack
 Tracked objects:
		On entry : 
		On exit  : 
		Unchanged: 
 Data sizes:     COMMON   BANK0   BANK1   BANK3   BANK2
      Params:         0       0       4       0       0
      Locals:         0       0      10       0       0
      Temps:          0       0      25       0       0
      Totals:         0       0      39       0       0
Total ram usage:       39 bytes
 Hardware stack levels used:    1
 Hardware stack levels required when called:    3
 This function calls:
		___fladd
		___fldiv
		___flge
		___flmul
		___flsub
 This function is called by:
		_Get_Newton
 This function uses a non-reentrant model


 *************** function ___flge *****************
 Defined at:
		line 4 in file "C:\Program Files\Microchip\xc8\v2.20\pic\sources\c90\common\flge.c"
 Parameters:    Size  Location     Type
  ff1             4    2[COMMON] float 
  ff2             4    6[COMMON] float 
 Auto vars:     Size  Location     Type
		None
 Return value:  Size  Location     Type
		None               void
 Registers used:
		wreg, status,2, status,0
 Tracked objects:
		On entry : 
		On exit  : 
		Unchanged: 
 Data sizes:     COMMON   BANK0   BANK1   BANK3   BANK2
      Params:         8       0       0       0       0
      Locals:         0       0       0       0       0
      Temps:          0       4       0       0       0
      Totals:         8       4       0       0       0
Total ram usage:       12 bytes
 Hardware stack levels used:    1
 Hardware stack levels required when called:    1
 This function calls:
		Nothing
 This function is called by:
		_conversion_newton
 This function uses a non-reentrant model


 *************** function _Voltage_Value *****************
 Defined at:
		line 107 in file "main.c"
 Parameters:    Size  Location     Type
  sensor          1    wreg     unsigned char 
 Auto vars:     Size  Location     Type
  sensor          1    8[BANK1 ] unsigned char 
 Return value:  Size  Location     Type
                  4    0[BANK1 ] float 
 Registers used:
		wreg, status,2, status,0, btemp+1, pclath, cstack
 Tracked objects:
		On entry : 
		On exit  : 
		Unchanged: 
 Data sizes:     COMMON   BANK0   BANK1   BANK3   BANK2
      Params:         0       0       4       0       0
      Locals:         0       0       1       0       0
      Temps:          0       0       4       0       0
      Totals:         0       0       9       0       0
Total ram usage:        9 bytes
 Hardware stack levels used:    1
 Hardware stack levels required when called:    3
 This function calls:
		___fldiv
		___flmul
		___xxtofl
 This function is called by:
		_Get_Newton
 This function uses a non-reentrant model


 *************** function _Resistance_Value *****************
 Defined at:
		line 118 in file "main.c"
 Parameters:    Size  Location     Type
  Voltage         4    0[BANK1 ] float 
  R               2    4[BANK1 ] int 
 Auto vars:     Size  Location     Type
		None
 Return value:  Size  Location     Type
                  4    0[BANK1 ] float 
 Registers used:
		wreg, status,2, status,0, btemp+1, pclath, cstack
 Tracked objects:
		On entry : 
		On exit  : 
		Unchanged: 
 Data sizes:     COMMON   BANK0   BANK1   BANK3   BANK2
      Params:         0       0       6       0       0
      Locals:         0       0       0       0       0
      Temps:          0       0       0       0       0
      Totals:         0       0       6       0       0
Total ram usage:        6 bytes
 Hardware stack levels used:    1
 Hardware stack levels required when called:    3
 This function calls:
		___fldiv
		___flmul
		___flsub
		___wmul
		___xxtofl
 This function is called by:
		_Get_Newton
 This function uses a non-reentrant model


 *************** function ___xxtofl *****************
 Defined at:
		line 10 in file "C:\Program Files\Microchip\xc8\v2.20\pic\sources\c90\common\xxtofl.c"
 Parameters:    Size  Location     Type
  sign            1    wreg     unsigned char 
  val             4    0[BANK0 ] long 
 Auto vars:     Size  Location     Type
  sign            1    8[BANK0 ] unsigned char 
  arg             4   10[BANK0 ] unsigned long 
  exp             1    9[BANK0 ] unsigned char 
 Return value:  Size  Location     Type
                  4    0[BANK0 ] unsigned char 
 Registers used:
		wreg, status,2, status,0, btemp+1
 Tracked objects:
		On entry : 
		On exit  : 
		Unchanged: 
 Data sizes:     COMMON   BANK0   BANK1   BANK3   BANK2
      Params:         0       4       0       0       0
      Locals:         0       6       0       0       0
      Temps:          0       4       0       0       0
      Totals:         0      14       0       0       0
Total ram usage:       14 bytes
 Hardware stack levels used:    1
 Hardware stack levels required when called:    1
 This function calls:
		Nothing
 This function is called by:
		_Voltage_Value
		_Resistance_Value
 This function uses a non-reentrant model


 *************** function ___wmul *****************
 Defined at:
		line 15 in file "C:\Program Files\Microchip\xc8\v2.20\pic\sources\c90\common\Umul16.c"
 Parameters:    Size  Location     Type
  multiplier      2    2[COMMON] unsigned int 
  multiplicand    2    4[COMMON] unsigned int 
 Auto vars:     Size  Location     Type
  product         2    6[COMMON] unsigned int 
 Return value:  Size  Location     Type
                  2    2[COMMON] unsigned int 
 Registers used:
		wreg, status,2, status,0
 Tracked objects:
		On entry : 
		On exit  : 
		Unchanged: 
 Data sizes:     COMMON   BANK0   BANK1   BANK3   BANK2
      Params:         4       0       0       0       0
      Locals:         2       0       0       0       0
      Temps:          0       0       0       0       0
      Totals:         6       0       0       0       0
Total ram usage:        6 bytes
 Hardware stack levels used:    1
 Hardware stack levels required when called:    1
 This function calls:
		Nothing
 This function is called by:
		_Resistance_Value
 This function uses a non-reentrant model


 *************** function ___flsub *****************
 Defined at:
		line 242 in file "C:\Program Files\Microchip\xc8\v2.20\pic\sources\c90\common\sprcadd.c"
 Parameters:    Size  Location     Type
  a               4   20[BANK0 ] unsigned int 
  b               4   24[BANK0 ] unsigned int 
 Auto vars:     Size  Location     Type
		None
 Return value:  Size  Location     Type
                  4   20[BANK0 ] unsigned int 
 Registers used:
		wreg, status,2, status,0, btemp+1, pclath, cstack
 Tracked objects:
		On entry : 
		On exit  : 
		Unchanged: 
 Data sizes:     COMMON   BANK0   BANK1   BANK3   BANK2
      Params:         0       8       0       0       0
      Locals:         0       0       0       0       0
      Temps:          0       0       0       0       0
      Totals:         0       8       0       0       0
Total ram usage:        8 bytes
 Hardware stack levels used:    1
 Hardware stack levels required when called:    2
 This function calls:
		___fladd
 This function is called by:
		_Resistance_Value
		_conversion_newton
 This function uses a non-reentrant model


 *************** function ___fladd *****************
 Defined at:
		line 10 in file "C:\Program Files\Microchip\xc8\v2.20\pic\sources\c90\common\sprcadd.c"
 Parameters:    Size  Location     Type
  b               4    0[BANK0 ] unsigned int 
  a               4    4[BANK0 ] unsigned int 
 Auto vars:     Size  Location     Type
  grs             1   19[BANK0 ] unsigned char 
  bexp            1   18[BANK0 ] unsigned char 
  aexp            1   17[BANK0 ] unsigned char 
  signs           1   16[BANK0 ] unsigned char 
 Return value:  Size  Location     Type
                  4    0[BANK0 ] unsigned char 
 Registers used:
		wreg, status,2, status,0, btemp+1
 Tracked objects:
		On entry : 
		On exit  : 
		Unchanged: 
 Data sizes:     COMMON   BANK0   BANK1   BANK3   BANK2
      Params:         0       8       0       0       0
      Locals:         0       4       0       0       0
      Temps:          0       8       0       0       0
      Totals:         0      20       0       0       0
Total ram usage:       20 bytes
 Hardware stack levels used:    1
 Hardware stack levels required when called:    1
 This function calls:
		Nothing
 This function is called by:
		_conversion_newton
		___flsub
 This function uses a non-reentrant model


 *************** function ___flmul *****************
 Defined at:
		line 8 in file "C:\Program Files\Microchip\xc8\v2.20\pic\sources\c90\common\sprcmul.c"
 Parameters:    Size  Location     Type
  b               4   54[BANK0 ] unsigned char 
  a               4   58[BANK0 ] unsigned char 
 Auto vars:     Size  Location     Type
  prod            4   74[BANK0 ] struct .
  grs             4   68[BANK0 ] unsigned long 
  temp            2   78[BANK0 ] struct .
  bexp            1   73[BANK0 ] unsigned char 
  aexp            1   72[BANK0 ] unsigned char 
  sign            1   67[BANK0 ] unsigned char 
 Return value:  Size  Location     Type
                  4   54[BANK0 ] unsigned char 
 Registers used:
		wreg, status,2, status,0, btemp+1, pclath, cstack
 Tracked objects:
		On entry : 
		On exit  : 
		Unchanged: 
 Data sizes:     COMMON   BANK0   BANK1   BANK3   BANK2
      Params:         0       8       0       0       0
      Locals:         0      13       0       0       0
      Temps:          0       5       0       0       0
      Totals:         0      26       0       0       0
Total ram usage:       26 bytes
 Hardware stack levels used:    1
 Hardware stack levels required when called:    2
 This function calls:
		__Umul8_16
 This function is called by:
		_puts_float
		_Voltage_Value
		_Resistance_Value
		_conversion_newton
 This function uses a non-reentrant model


 *************** function __Umul8_16 *****************
 Defined at:
		line 4 in file "C:\Program Files\Microchip\xc8\v2.20\pic\sources\c90\common\Umul8_16.c"
 Parameters:    Size  Location     Type
  multiplier      1    wreg     unsigned char 
  multiplicand    1    2[COMMON] unsigned char 
 Auto vars:     Size  Location     Type
  multiplier      1   10[COMMON] unsigned char 
  word_mpld       2    8[COMMON] unsigned int 
  product         2    6[COMMON] unsigned int 
 Return value:  Size  Location     Type
                  2    2[COMMON] unsigned int 
 Registers used:
		wreg, status,2, status,0
 Tracked objects:
		On entry : 
		On exit  : 
		Unchanged: 
 Data sizes:     COMMON   BANK0   BANK1   BANK3   BANK2
      Params:         2       0       0       0       0
      Locals:         5       0       0       0       0
      Temps:          2       0       0       0       0
      Totals:         9       0       0       0       0
Total ram usage:        9 bytes
 Hardware stack levels used:    1
 Hardware stack levels required when called:    1
 This function calls:
		Nothing
 This function is called by:
		___flmul
 This function uses a non-reentrant model


 *************** function ___fldiv *****************
 Defined at:
		line 8 in file "C:\Program Files\Microchip\xc8\v2.20\pic\sources\c90\common\sprcdiv.c"
 Parameters:    Size  Location     Type
  a               4   28[BANK0 ] unsigned int 
  b               4   32[BANK0 ] unsigned int 
 Auto vars:     Size  Location     Type
  grs             4   48[BANK0 ] unsigned long 
  rem             4   41[BANK0 ] unsigned long 
  new_exp         2   46[BANK0 ] int 
  aexp            1   53[BANK0 ] unsigned char 
  bexp            1   52[BANK0 ] unsigned char 
  sign            1   45[BANK0 ] unsigned char 
 Return value:  Size  Location     Type
                  4   28[BANK0 ] unsigned char 
 Registers used:
		wreg, status,2, status,0, btemp+1
 Tracked objects:
		On entry : 
		On exit  : 
		Unchanged: 
 Data sizes:     COMMON   BANK0   BANK1   BANK3   BANK2
      Params:         0       8       0       0       0
      Locals:         0      13       0       0       0
      Temps:          0       5       0       0       0
      Totals:         0      26       0       0       0
Total ram usage:       26 bytes
 Hardware stack levels used:    1
 Hardware stack levels required when called:    1
 This function calls:
		Nothing
 This function is called by:
		_Voltage_Value
		_Resistance_Value
		_conversion_newton
 This function uses a non-reentrant model


 *************** function _PORT_putString *****************
 Defined at:
		line 136 in file "port.c"
 Parameters:    Size  Location     Type
  chaine          1    wreg     PTR unsigned char 
		 -> STR_2(2), STR_1(15), 
 Auto vars:     Size  Location     Type
  chaine          1    5[COMMON] PTR unsigned char 
		 -> STR_2(2), STR_1(15), 
  i               2    3[COMMON] int 
 Return value:  Size  Location     Type
                  1    wreg      void 
 Registers used:
		wreg, fsr0l, fsr0h, status,2, status,0, pclath, cstack
 Tracked objects:
		On entry : 
		On exit  : 
		Unchanged: 
 Data sizes:     COMMON   BANK0   BANK1   BANK3   BANK2
      Params:         0       0       0       0       0
      Locals:         3       0       0       0       0
      Temps:          0       0       0       0       0
      Totals:         3       0       0       0       0
Total ram usage:        3 bytes
 Hardware stack levels used:    1
 Hardware stack levels required when called:    2
 This function calls:
		_PORT_putchar
 This function is called by:
		_Get_Newton
 This function uses a non-reentrant model


 *************** function _PORT_Change_Gain *****************
 Defined at:
		line 173 in file "port.c"
 Parameters:    Size  Location     Type
  INTER0          1    wreg     unsigned char 
  INTER1          1    2[COMMON] unsigned char 
 Auto vars:     Size  Location     Type
  INTER0          1    5[COMMON] unsigned char 
 Return value:  Size  Location     Type
                  2    2[COMMON] unsigned int 
 Registers used:
		wreg, status,2, status,0
 Tracked objects:
		On entry : 
		On exit  : 
		Unchanged: 
 Data sizes:     COMMON   BANK0   BANK1   BANK3   BANK2
      Params:         3       0       0       0       0
      Locals:         1       0       0       0       0
      Temps:          0       0       0       0       0
      Totals:         4       0       0       0       0
Total ram usage:        4 bytes
 Hardware stack levels used:    1
 Hardware stack levels required when called:    1
 This function calls:
		Nothing
 This function is called by:
		_Get_Newton
 This function uses a non-reentrant model


 *************** function _Affichage_brut *****************
 Defined at:
		line 52 in file "main.c"
 Parameters:    Size  Location     Type
  valeur_a_aff    2    0[BANK0 ] int 
 Auto vars:     Size  Location     Type
  valueMetrics    6    5[BANK0 ] struct .
  affiche         1    4[BANK0 ] unsigned char 
 Return value:  Size  Location     Type
                  1    wreg      void 
 Registers used:
		wreg, status,2, status,0, btemp+1, pclath, cstack
 Tracked objects:
		On entry : 
		On exit  : 
		Unchanged: 
 Data sizes:     COMMON   BANK0   BANK1   BANK3   BANK2
      Params:         0       2       0       0       0
      Locals:         0       7       0       0       0
      Temps:          0       2       0       0       0
      Totals:         0      11       0       0       0
Total ram usage:       11 bytes
 Hardware stack levels used:    1
 Hardware stack levels required when called:    2
 This function calls:
		_PORT_putchar
		___awdiv
		___awmod
 This function is called by:
		_Get_Newton
 This function uses a non-reentrant model


 *************** function ___awmod *****************
 Defined at:
		line 5 in file "C:\Program Files\Microchip\xc8\v2.20\pic\sources\c90\common\awmod.c"
 Parameters:    Size  Location     Type
  divisor         2    2[COMMON] int 
  dividend        2    4[COMMON] int 
 Auto vars:     Size  Location     Type
  sign            1    7[COMMON] unsigned char 
  counter         1    6[COMMON] unsigned char 
 Return value:  Size  Location     Type
                  2    2[COMMON] int 
 Registers used:
		wreg, status,2, status,0, btemp+1
 Tracked objects:
		On entry : 
		On exit  : 
		Unchanged: 
 Data sizes:     COMMON   BANK0   BANK1   BANK3   BANK2
      Params:         4       0       0       0       0
      Locals:         2       0       0       0       0
      Temps:          0       0       0       0       0
      Totals:         6       0       0       0       0
Total ram usage:        6 bytes
 Hardware stack levels used:    1
 Hardware stack levels required when called:    1
 This function calls:
		Nothing
 This function is called by:
		_Affichage_brut
 This function uses a non-reentrant model


 *************** function ___awdiv *****************
 Defined at:
		line 5 in file "C:\Program Files\Microchip\xc8\v2.20\pic\sources\c90\common\awdiv.c"
 Parameters:    Size  Location     Type
  divisor         2    2[COMMON] int 
  dividend        2    4[COMMON] int 
 Auto vars:     Size  Location     Type
  quotient        2    8[COMMON] int 
  sign            1    7[COMMON] unsigned char 
  counter         1    6[COMMON] unsigned char 
 Return value:  Size  Location     Type
                  2    2[COMMON] int 
 Registers used:
		wreg, status,2, status,0, btemp+1
 Tracked objects:
		On entry : 
		On exit  : 
		Unchanged: 
 Data sizes:     COMMON   BANK0   BANK1   BANK3   BANK2
      Params:         4       0       0       0       0
      Locals:         4       0       0       0       0
      Temps:          0       0       0       0       0
      Totals:         8       0       0       0       0
Total ram usage:        8 bytes
 Hardware stack levels used:    1
 Hardware stack levels required when called:    1
 This function calls:
		Nothing
 This function is called by:
		_Affichage_brut
 This function uses a non-reentrant model


 *************** function _PORT_putchar *****************
 Defined at:
		line 126 in file "port.c"
 Parameters:    Size  Location     Type
  c               1    wreg     unsigned char 
 Auto vars:     Size  Location     Type
  c               1    2[COMMON] unsigned char 
 Return value:  Size  Location     Type
                  1    wreg      void 
 Registers used:
		wreg
 Tracked objects:
		On entry : 
		On exit  : 
		Unchanged: 
 Data sizes:     COMMON   BANK0   BANK1   BANK3   BANK2
      Params:         0       0       0       0       0
      Locals:         1       0       0       0       0
      Temps:          0       0       0       0       0
      Totals:         1       0       0       0       0
Total ram usage:        1 bytes
 Hardware stack levels used:    1
 Hardware stack levels required when called:    1
 This function calls:
		Nothing
 This function is called by:
		_Affichage_brut
		_puts_float
		_Get_Newton
		_PORT_putString
 This function uses a non-reentrant model


 *************** function _ADC_GetValue *****************
 Defined at:
		line 16 in file "adc.c"
 Parameters:    Size  Location     Type
  channel         1    wreg     unsigned char 
 Auto vars:     Size  Location     Type
  channel         1    3[COMMON] unsigned char 
 Return value:  Size  Location     Type
                  1    wreg      unsigned char 
 Registers used:
		wreg, status,2, status,0, btemp+1, pclath, cstack
 Tracked objects:
		On entry : 
		On exit  : 
		Unchanged: 
 Data sizes:     COMMON   BANK0   BANK1   BANK3   BANK2
      Params:         0       0       0       0       0
      Locals:         1       0       0       0       0
      Temps:          0       0       0       0       0
      Totals:         1       0       0       0       0
Total ram usage:        1 bytes
 Hardware stack levels used:    1
 Hardware stack levels required when called:    2
 This function calls:
		_PORT_Choose_Mux
		_PORT_Get_Value_Adc
		_PORT_Start_ADC
 This function is called by:
		_Get_Newton
 This function uses a non-reentrant model


 *************** function _PORT_Start_ADC *****************
 Defined at:
		line 104 in file "port.c"
 Parameters:    Size  Location     Type
		None
 Auto vars:     Size  Location     Type
		None
 Return value:  Size  Location     Type
                  1    wreg      void 
 Registers used:
		None
 Tracked objects:
		On entry : 
		On exit  : 
		Unchanged: 
 Data sizes:     COMMON   BANK0   BANK1   BANK3   BANK2
      Params:         0       0       0       0       0
      Locals:         0       0       0       0       0
      Temps:          0       0       0       0       0
      Totals:         0       0       0       0       0
Total ram usage:        0 bytes
 Hardware stack levels used:    1
 Hardware stack levels required when called:    1
 This function calls:
		Nothing
 This function is called by:
		_ADC_GetValue
 This function uses a non-reentrant model


 *************** function _PORT_Get_Value_Adc *****************
 Defined at:
		line 118 in file "port.c"
 Parameters:    Size  Location     Type
		None
 Auto vars:     Size  Location     Type
		None
 Return value:  Size  Location     Type
                  1    wreg      unsigned char 
 Registers used:
		wreg
 Tracked objects:
		On entry : 
		On exit  : 
		Unchanged: 
 Data sizes:     COMMON   BANK0   BANK1   BANK3   BANK2
      Params:         0       0       0       0       0
      Locals:         0       0       0       0       0
      Temps:          0       0       0       0       0
      Totals:         0       0       0       0       0
Total ram usage:        0 bytes
 Hardware stack levels used:    1
 Hardware stack levels required when called:    1
 This function calls:
		Nothing
 This function is called by:
		_ADC_GetValue
 This function uses a non-reentrant model


 *************** function _PORT_Choose_Mux *****************
 Defined at:
		line 94 in file "port.c"
 Parameters:    Size  Location     Type
  _value          1    wreg     unsigned char 
 Auto vars:     Size  Location     Type
  _value          1    2[COMMON] unsigned char 
 Return value:  Size  Location     Type
                  1    wreg      void 
 Registers used:
		wreg, status,2, status,0, btemp+1
 Tracked objects:
		On entry : 
		On exit  : 
		Unchanged: 
 Data sizes:     COMMON   BANK0   BANK1   BANK3   BANK2
      Params:         0       0       0       0       0
      Locals:         1       0       0       0       0
      Temps:          0       0       0       0       0
      Totals:         1       0       0       0       0
Total ram usage:        1 bytes
 Hardware stack levels used:    1
 Hardware stack levels required when called:    1
 This function calls:
		Nothing
 This function is called by:
		_ADC_GetValue
 This function uses a non-reentrant model


 *************** function _isr *****************
 Defined at:
		line 78 in file "timer.c"
 Parameters:    Size  Location     Type
		None
 Auto vars:     Size  Location     Type
		None
 Return value:  Size  Location     Type
                  1    wreg      void 
 Registers used:
		None
 Tracked objects:
		On entry : 
		On exit  : 
		Unchanged: 
 Data sizes:     COMMON   BANK0   BANK1   BANK3   BANK2
      Params:         0       0       0       0       0
      Locals:         0       0       0       0       0
      Temps:          2       0       0       0       0
      Totals:         2       0       0       0       0
Total ram usage:        2 bytes
 Hardware stack levels used:    1
 This function calls:
		Nothing
 This function is called by:
		Interrupt level 1
 This function uses a non-reentrant model



MODULE INFORMATION

Module		Function		Class		Link	Load	Size
C:\Program Files\Microchip\xc8\v2.20\pic\sources\c90\common\aldiv.c
		___aldiv       		CODE           	1488	0000	158

C:\Program Files\Microchip\xc8\v2.20\pic\sources\c90\common\aldiv.c estimated size: 158

C:\Program Files\Microchip\xc8\v2.20\pic\sources\c90\common\Umul8_16.c
		__Umul8_16     		CODE           	1E40	0000	40

C:\Program Files\Microchip\xc8\v2.20\pic\sources\c90\common\Umul8_16.c estimated size: 40

C:\Program Files\Microchip\xc8\v2.20\pic\sources\c90\common\sprcadd.c
		___flsub       		CODE           	1DD2	0000	37
		___fladd       		CODE           	00DE	0000	649

C:\Program Files\Microchip\xc8\v2.20\pic\sources\c90\common\sprcadd.c estimated size: 686

timer.c
		_TIMER_init_timer1		CODE           	0010	0000	19
		_isr           		CODE           	10BD	0000	26

timer.c estimated size: 45

C:\Program Files\Microchip\xc8\v2.20\pic\sources\c90\common\xxtofl.c
		___xxtofl      		CODE           	0022	0000	189

C:\Program Files\Microchip\xc8\v2.20\pic\sources\c90\common\xxtofl.c estimated size: 189

C:\Program Files\Microchip\xc8\v2.20\pic\sources\c90\common\lwmod.c
		___lwmod       		CODE           	1110	0000	59

C:\Program Files\Microchip\xc8\v2.20\pic\sources\c90\common\lwmod.c estimated size: 59

port.c
		_PORT_putString		CODE           	1DF6	0000	38
		_PORT_Start_ADC		CODE           	1D8E	0000	9
		_PORT_Change_Gain		CODE           	10D6	0000	59
		_PORT_Init     		CODE           	1EC7	0000	58
		_PORT_Select_Mux0		CODE           	1D96	0000	9
		_PORT_Init_Serial		CODE           	1E67	0000	44
		_PORT_Get_Value_Adc		CODE           	10B9	0000	5
		_PORT_putchar  		CODE           	0800	0000	13
		_PORT_Choose_Mux		CODE           	1DAE	0000	19
		_PORT_Blink_LED		CODE           	1D9E	0000	17

port.c estimated size: 271

adc.c
		_ADC_GetValue  		CODE           	1DC0	0000	19

adc.c estimated size: 19

C:\Program Files\Microchip\xc8\v2.20\pic\sources\c90\common\flge.c
		___flge        		CODE           	1525	0000	165

C:\Program Files\Microchip\xc8\v2.20\pic\sources\c90\common\flge.c estimated size: 165

C:\Program Files\Microchip\xc8\v2.20\pic\sources\c90\common\awmod.c
		___awmod       		CODE           	114A	0000	90

C:\Program Files\Microchip\xc8\v2.20\pic\sources\c90\common\awmod.c estimated size: 90

shared
		__stringtab    		STRING         	1000	0000	7
		__initialization		CODE           	07F9	0000	4
		conversion_newton@F_tab		STRING         	1056	0000	81
		conversion_newton@R_tab		STRING         	1006	0000	81

shared estimated size: 173

C:\Program Files\Microchip\xc8\v2.20\pic\sources\c90\common\almod.c
		___almod       		CODE           	1371	0000	136

C:\Program Files\Microchip\xc8\v2.20\pic\sources\c90\common\almod.c estimated size: 136

C:\Program Files\Microchip\xc8\v2.20\pic\sources\c90\common\Umul16.c
		___wmul        		CODE           	1E1B	0000	38

C:\Program Files\Microchip\xc8\v2.20\pic\sources\c90\common\Umul16.c estimated size: 38

C:\Program Files\Microchip\xc8\v2.20\pic\sources\c90\common\lwdiv.c
		___lwdiv       		CODE           	080C	0000	69

C:\Program Files\Microchip\xc8\v2.20\pic\sources\c90\common\lwdiv.c estimated size: 69

C:\Program Files\Microchip\xc8\v2.20\pic\sources\c90\common\fltol.c
		___fltol       		CODE           	12F5	0000	125

C:\Program Files\Microchip\xc8\v2.20\pic\sources\c90\common\fltol.c estimated size: 125

C:\Program Files\Microchip\xc8\v2.20\pic\sources\c90\common\sprcmul.c
		___flmul       		CODE           	0C9F	0000	866

C:\Program Files\Microchip\xc8\v2.20\pic\sources\c90\common\sprcmul.c estimated size: 866

main.c
		_Get_Newton    		CODE           	15C9	0000	219
		_Affichage_brut		CODE           	1279	0000	125
		_main          		CODE           	1E92	0000	54
		_puts_float    		CODE           	16A3	0000	350
		_conversion_newton		CODE           	0A2D	0000	1798
		_Resistance_Value		CODE           	13F8	0000	145
		_Voltage_Value 		CODE           	120A	0000	112

main.c estimated size: 2803

C:\Program Files\Microchip\xc8\v2.20\pic\sources\c90\common\sprcdiv.c
		___fldiv       		CODE           	0850	0000	478

C:\Program Files\Microchip\xc8\v2.20\pic\sources\c90\common\sprcdiv.c estimated size: 478

C:\Program Files\Microchip\xc8\v2.20\pic\sources\c90\common\awdiv.c
		___awdiv       		CODE           	11A3	0000	104

C:\Program Files\Microchip\xc8\v2.20\pic\sources\c90\common\awdiv.c estimated size: 104

