Microchip MPLAB XC8 Compiler V2.20

Linker command line:

-W-3 --edf=C:\Program Files\Microchip\xc8\v2.20\pic\dat\en_msgs.txt -cn \
  -h+dist/default/debug\MPLAB_Outil_Reducation_Bebe.X.debug.sym \
  --cmf=dist/default/debug\MPLAB_Outil_Reducation_Bebe.X.debug.cmf -z \
  -Q16F707 -oC:\Users\TEMPGE~1.002\AppData\Local\Temp\shkk.2 \
  --defsym=__MPLAB_BUILD=1 \
  -Mdist/default/debug/MPLAB_Outil_Reducation_Bebe.X.debug.map -E1 \
  -ver=XC8 Compiler --acfsm=1493 -ASTACK=0115h-016Fh -pstack=STACK \
  -ACODE=00h-07FFhx3,01800h-01EFFh -ASTRCODE=00h-01EFFh \
  -ASTRING=00h-0FFhx31 -ACONST=00h-0FFhx31 -AENTRY=00h-0FFhx31 \
  -ACOMMON=071h-07Fh -ABANK0=020h-06Fh -ABANK1=0A0h-0EFh \
  -ABANK2=0115h-016Fh -ABANK3=0190h-01E4h \
  -ARAM=020h-06Fh,0A0h-0EFh,0115h-016Fh,0190h-01E4h \
  -AABS1=020h-07Fh,0A0h-0EFh,0115h-016Fh,0190h-01EFh -ASFR0=00h-01Fh \
  -ASFR1=080h-09Fh -ASFR2=0100h-0114h -ASFR3=0180h-018Fh \
  -ACONFIG=02007h-02008h -DCONFIG=2 -AIDLOC=02000h-02003h -DIDLOC=2 \
  -preset_vec=00h,intentry=04h,init,end_init -ppowerup=CODE -pcinit=CODE \
  -pfunctab=ENTRY -DCODE=2 -DSTRCODE=2 -DSTRING=2 -DCONST=2 -DENTRY=2 -k \
  C:\Users\TEMPGE~1.002\AppData\Local\Temp\shkk.o \
  dist/default/debug\MPLAB_Outil_Reducation_Bebe.X.debug.o 

Object code version is 3.11

Machine type is 16F707



                Name                               Link     Load   Length Selector   Space Scale
C:\Users\TEMPGE~1.002\AppData\Local\Temp\shkk.o
                end_init                              C        C        3        8       0
                reset_vec                             0        0        4        0       0
                config                             2007     2007        2        0       4
dist/default/debug\MPLAB_Outil_Reducation_Bebe.X.debug.o
                cinit                               7F9      7F9        7      FF2       0
                intentry                              4        4        8        8       0
                text1_split_1                       366      366      493      6CC       0
                config                             2007     2007        2        0       4
                text22                             1500     1500       19     2A00       0
                text21                             14EE     14EE       12     29DC       0
                text20                              800      800        4      FF2       0
                text19                             14CE     14CE        8     299C       0
                text18                              804      804       12     1008       0
                text17                             14DE     14DE       10     29BC       0
                text16                              816      816       3A     102C       0
                text15                             1589     1589       2B     2B12       0
                text14                             15B4     15B4       39     2B68       0
                text13                             14D6     14D6        8     29AC       0
                text12                              850      850      1DD     10A0       0
                text11                             1562     1562       27     2AC4       0
                text10                              C9F      C9F      361     193E       0
                text9                                DE       DE      288      1BC       0
                text8                              1519     1519       24     2A32       0
                text7                              153D     153D       25     2A7A       0
                text6                                22       22       BC       44       0
                text5                              16CC     16CC       90     2D98       0
                text4                                10       10       12       20       0
                text3                              15ED     15ED       6F     2BDA       0
                text2                              175C     175C       A4     2EB8       0
                text1                               A2D      A2D      272     145A       0
                maintext                           165C     165C       70     2CB8       0
                cstackBANK0                          20       20       50       20       1
                cstackCOMMON                         71       71        B       71       1
                cstackBANK1                          A0       A0       36       A0       1
                bssBANK1                             D6       D6        1       A0       1
                strings                            1000     1000       A6     2000       0

TOTAL           Name                               Link     Load   Length     Space
        CLASS   STACK          

        CLASS   CODE           
                end_init                              C        C        3         0
                cinit                               7F9      7F9        7         0
                intentry                              4        4        8         0
                reset_vec                             0        0        4         0
                text1_split_1                       366      366      493         0
                text22                             1500     1500       19         0
                text21                             14EE     14EE       12         0
                text20                              800      800        4         0
                text19                             14CE     14CE        8         0
                text18                              804      804       12         0
                text17                             14DE     14DE       10         0
                text16                              816      816       3A         0
                text15                             1589     1589       2B         0
                text14                             15B4     15B4       39         0
                text13                             14D6     14D6        8         0
                text12                              850      850      1DD         0
                text11                             1562     1562       27         0
                text10                              C9F      C9F      361         0
                text9                                DE       DE      288         0
                text8                              1519     1519       24         0
                text7                              153D     153D       25         0
                text6                                22       22       BC         0
                text5                              16CC     16CC       90         0
                text4                                10       10       12         0
                text3                              15ED     15ED       6F         0
                text2                              175C     175C       A4         0
                text1                               A2D      A2D      272         0
                maintext                           165C     165C       70         0

        CLASS   STRCODE        

        CLASS   STRING         
                strings                            1000     1000       A6         0

        CLASS   CONST          

        CLASS   ENTRY          

        CLASS   COMMON         
                cstackCOMMON                         71       71        B         1

        CLASS   BANK0          
                cstackBANK0                          20       20       50         1

        CLASS   BANK1          
                cstackBANK1                          A0       A0       36         1
                bssBANK1                             D6       D6        1         1

        CLASS   BANK2          

        CLASS   BANK3          

        CLASS   RAM            

        CLASS   ABS1           
                abs_s1                               7E       7E        2         1

        CLASS   SFR0           

        CLASS   SFR1           

        CLASS   SFR2           

        CLASS   SFR3           

        CLASS   CONFIG         
                config                             2007     2007        2         4

        CLASS   IDLOC          

        CLASS   EEDATA         



SEGMENTS        Name                           Load    Length   Top    Selector   Space  Class     Delta

                reset_vec                      000000  000004  000004         0       0  CODE        2
                intentry                       000004  00000B  00000F         8       0  CODE        2
                cstackBANK0                    000020  000050  000070        20       1  BANK0       1
                text4                          000010  000012  000022        20       0  CODE        2
                text6                          000022  0000BC  0000DE        44       0  CODE        2
                cstackCOMMON                   000071  00000B  00007C        71       1  COMMON      1
                cstackBANK1                    0000A0  000037  0000D7        A0       1  BANK1       1
                text9                          0000DE  000288  000366       1BC       0  CODE        2
                text1_split_1                  000366  000493  0007F9       6CC       0  CODE        2
                cinit                          0007F9  00000B  000804       FF2       0  CODE        2
                text18                         000804  000012  000816      1008       0  CODE        2
                text16                         000816  00003A  000850      102C       0  CODE        2
                text12                         000850  0001DD  000A2D      10A0       0  CODE        2
                text1                          000A2D  000272  000C9F      145A       0  CODE        2
                text10                         000C9F  000361  001000      193E       0  CODE        2
                strings                        001000  0000A6  0010A6      2000       0  STRING      2
                text19                         0014CE  000008  0014D6      299C       0  CODE        2
                text13                         0014D6  000008  0014DE      29AC       0  CODE        2
                text17                         0014DE  000010  0014EE      29BC       0  CODE        2
                text21                         0014EE  000012  001500      29DC       0  CODE        2
                text22                         001500  000019  001519      2A00       0  CODE        2
                text8                          001519  000024  00153D      2A32       0  CODE        2
                text7                          00153D  000025  001562      2A7A       0  CODE        2
                text11                         001562  000027  001589      2AC4       0  CODE        2
                text15                         001589  00002B  0015B4      2B12       0  CODE        2
                text14                         0015B4  000039  0015ED      2B68       0  CODE        2
                text3                          0015ED  00006F  00165C      2BDA       0  CODE        2
                maintext                       00165C  000070  0016CC      2CB8       0  CODE        2
                text5                          0016CC  000090  00175C      2D98       0  CODE        2
                text2                          00175C  0000A4  001800      2EB8       0  CODE        2


UNUSED ADDRESS RANGES

        Name                Unused          Largest block    Delta
        BANK1            000D7-000EF              19           1
        BANK2            00115-0016F              5B           1
        BANK3            00190-001E4              55           1
        CODE             0000F-0000F               1           2
                         010A6-014CD             428
                         01800-01EFF             700
        COMMON           0007C-0007D               2           1
        CONST            0000F-0000F               1           2
                         010A6-014CD             100
                         01800-01EFF             100
        ENTRY            0000F-0000F               1           2
                         010A6-014CD             100
                         01800-01EFF             100
        IDLOC            02000-02003               4           2
        RAM              000D7-000EF              19           1
                         00115-0016F              5B
                         00190-001E4              55
        SFR0             00000-0001F              20           1
        SFR1             00080-0009F              20           1
        SFR2             00100-00114              15           1
        SFR3             00180-0018F              10           1
        STACK            00115-0016F              5B           1
        STRCODE          0000F-0000F               1           2
                         010A6-014CD             428
                         01800-01EFF             700
        STRING           0000F-0000F               1           2
                         010A6-014CD             100
                         01800-01EFF             100

                                  Symbol Table

?_PORT_Change_Gain              cstackCOMMON 00073
?_Resistance_Value              cstackBANK1  000A0
?_Voltage_Value                 cstackBANK1  000A0
?__Umul8_16                     cstackCOMMON 00073
?___fladd                       cstackBANK0  00020
?___fldiv                       cstackBANK0  0003C
?___flmul                       cstackBANK0  00056
?___flsub                       cstackBANK0  00034
?___wmul                        cstackCOMMON 00073
?___xxtofl                      cstackBANK0  00020
?_conversion_newton             cstackBANK1  000A0
ADC_GetValue@channel            cstackCOMMON 00074
PORT_Change_Gain@INTER0         cstackCOMMON 00076
PORT_Change_Gain@INTER1         cstackCOMMON 00073
PORT_Choose_Mux@_value          cstackCOMMON 00073
Resistance_Value@R              cstackBANK1  000A4
Resistance_Value@Voltage        cstackBANK1  000A0
Voltage_Value@sensor            cstackBANK1  000A8
_ADCON0                         (abs)        0001F
_ADCON1                         (abs)        0009F
_ADC_GetValue                   text18       00804
_ADRES                          (abs)        0001E
_ANSELA                         (abs)        00185
_ANSELB                         (abs)        00186
_ANSELD                         (abs)        00188
_DACCON0                        (abs)        00113
_DACCON1                        (abs)        00114
_FVRCON                         (abs)        0009D
_Fincompt1                      bssBANK1     000D6
_GO_nDONE                       (abs)        000F9
_OSCCON                         (abs)        00090
_PORTBbits                      (abs)        00006
_PORTCbits                      (abs)        00007
_PORTD                          (abs)        00008
_PORT_Blink_LED                 text17       014DE
_PORT_Change_Gain               text16       00816
_PORT_Choose_Mux                text21       014EE
_PORT_Get_Value_Adc             text20       00800
_PORT_Init                      text14       015B4
_PORT_Init_Serial               text15       01589
_PORT_Select_Mux1               text13       014D6
_PORT_Start_ADC                 text19       014CE
_RCSTA                          (abs)        00018
_Resistance_Value               text5        016CC
_SPBRG                          (abs)        00099
_T1CKPS0                        (abs)        00084
_T1CKPS1                        (abs)        00085
_T1OSCEN                        (abs)        00083
_T1SYNC                         (abs)        00082
_TIMER_init_timer1              text4        00010
_TMR1GE                         (abs)        0047F
_TMR1IE                         (abs)        00460
_TMR1IF                         (abs)        00060
_TMR1ON                         (abs)        00080
_TMRA                           (abs)        00110
_TMRAIF                         (abs)        0006C
_TMRCS0                         (abs)        00086
_TMRCS1                         (abs)        00087
_TRISA                          (abs)        00085
_TRISB                          (abs)        00086
_TRISC                          (abs)        00087
_TRISD                          (abs)        00088
_TXREG                          (abs)        00019
_TXSTA                          (abs)        00098
_Voltage_Value                  text3        015ED
_WPUB                           (abs)        00095
__Habs1                         abs1         00000
__Hbank0                        bank0        00000
__Hbank1                        bank1        00000
__Hbank2                        bank2        00000
__Hbank3                        bank3        00000
__HbssBANK1                     bssBANK1     00000
__Hcinit                        cinit        00800
__Hclrtext                      clrtext      00000
__Hcode                         code         00000
__Hcommon                       common       00000
__Hconfig                       config       02009
__HcstackBANK0                  cstackBANK0  00000
__HcstackBANK1                  cstackBANK1  00000
__HcstackCOMMON                 cstackCOMMON 00000
__Heeprom_data                  eeprom_data  00000
__Hend_init                     end_init     0000F
__Hfunctab                      functab      00000
__Hinit                         init         0000C
__Hintentry                     intentry     0000C
__Hmaintext                     maintext     00000
__Hpowerup                      powerup      00000
__Hram                          ram          00000
__Hreset_vec                    reset_vec    00004
__Hsfr0                         sfr0         00000
__Hsfr1                         sfr1         00000
__Hsfr2                         sfr2         00000
__Hsfr3                         sfr3         00000
__Hspace_0                      (abs)        01800
__Hspace_1                      (abs)        000D7
__Hspace_2                      (abs)        00000
__Hspace_3                      (abs)        00000
__Hspace_4                      (abs)        04010
__Hstack                        stack        00000
__Hstrings                      strings      00000
__Htext                         text         00000
__Labs1                         abs1         00000
__Lbank0                        bank0        00000
__Lbank1                        bank1        00000
__Lbank2                        bank2        00000
__Lbank3                        bank3        00000
__LbssBANK1                     bssBANK1     00000
__Lcinit                        cinit        007F9
__Lclrtext                      clrtext      00000
__Lcode                         code         00000
__Lcommon                       common       00000
__Lconfig                       config       00000
__LcstackBANK0                  cstackBANK0  00000
__LcstackBANK1                  cstackBANK1  00000
__LcstackCOMMON                 cstackCOMMON 00000
__Leeprom_data                  eeprom_data  00000
__Lend_init                     end_init     0000C
__Lfunctab                      functab      00000
__Linit                         init         0000C
__Lintentry                     intentry     00004
__Lmaintext                     maintext     00000
__Lpowerup                      powerup      00000
__Lram                          ram          00000
__Lreset_vec                    reset_vec    00000
__Lsfr0                         sfr0         00000
__Lsfr1                         sfr1         00000
__Lsfr2                         sfr2         00000
__Lsfr3                         sfr3         00000
__Lspace_0                      (abs)        00000
__Lspace_1                      (abs)        00000
__Lspace_2                      (abs)        00000
__Lspace_3                      (abs)        00000
__Lspace_4                      (abs)        00000
__Lstack                        stack        00000
__Lstrings                      strings      00000
__Ltext                         text         00000
__S0                            (abs)        01800
__S1                            (abs)        000D7
__S2                            (abs)        00000
__Umul8_16                      text11       01562
__Umul8_16@multiplicand         cstackCOMMON 00073
__Umul8_16@multiplier           cstackCOMMON 0007B
__Umul8_16@product              cstackCOMMON 00077
__Umul8_16@word_mpld            cstackCOMMON 00079
___fladd                        text9        000DE
___fladd@a                      cstackBANK0  00024
___fladd@aexp                   cstackBANK0  00031
___fladd@b                      cstackBANK0  00020
___fladd@bexp                   cstackBANK0  00032
___fladd@grs                    cstackBANK0  00033
___fladd@signs                  cstackBANK0  00030
___fldiv                        text12       00850
___fldiv@a                      cstackBANK0  0003C
___fldiv@aexp                   cstackBANK0  00055
___fldiv@b                      cstackBANK0  00040
___fldiv@bexp                   cstackBANK0  00054
___fldiv@grs                    cstackBANK0  00050
___fldiv@new_exp                cstackBANK0  0004E
___fldiv@rem                    cstackBANK0  00049
___fldiv@sign                   cstackBANK0  0004D
___flge                         text2        0175C
___flge@ff1                     cstackCOMMON 00073
___flge@ff2                     cstackCOMMON 00077
___flmul                        text10       00C9F
___flmul@a                      cstackBANK0  0005A
___flmul@aexp                   cstackBANK0  00068
___flmul@b                      cstackBANK0  00056
___flmul@bexp                   cstackBANK0  00069
___flmul@grs                    cstackBANK0  00064
___flmul@prod                   cstackBANK0  0006A
___flmul@sign                   cstackBANK0  00063
___flmul@temp                   cstackBANK0  0006E
___flsub                        text8        01519
___flsub@a                      cstackBANK0  00034
___flsub@b                      cstackBANK0  00038
___int_sp                       stack        00000
___latbits                      (abs)        00002
___sp                           stack        00000
___stackhi                      (abs)        00000
___stacklo                      (abs)        00000
___wmul                         text7        0153D
___wmul@multiplicand            cstackCOMMON 00075
___wmul@multiplier              cstackCOMMON 00073
___wmul@product                 cstackCOMMON 00077
___xxtofl                       text6        00022
___xxtofl@arg                   cstackBANK0  0002A
___xxtofl@exp                   cstackBANK0  00029
___xxtofl@sign                  cstackBANK0  00028
___xxtofl@val                   cstackBANK0  00020
__end_of_ADC_GetValue           text18       00816
__end_of_PORT_Blink_LED         text17       014EE
__end_of_PORT_Change_Gain       text16       00850
__end_of_PORT_Choose_Mux        text21       01500
__end_of_PORT_Get_Value_Adc     text20       00804
__end_of_PORT_Init              text14       015ED
__end_of_PORT_Init_Serial       text15       015B4
__end_of_PORT_Select_Mux1       text13       014DE
__end_of_PORT_Start_ADC         text19       014D6
__end_of_Resistance_Value       text5        0175C
__end_of_TIMER_init_timer1      text4        00022
__end_of_Voltage_Value          text3        0165C
__end_of__Umul8_16              text11       01589
__end_of___fladd                text9        00366
__end_of___fldiv                text12       00A2D
__end_of___flge                 text2        01800
__end_of___flmul                text10       01000
__end_of___flsub                text8        0153D
__end_of___wmul                 text7        01562
__end_of___xxtofl               text6        000DE
__end_of__initialization        cinit        007FC
__end_of__stringtab             strings      01006
__end_of_conversion_newton      text1_split_1 007F9
__end_of_isr                    text22       01519
__end_of_main                   maintext     016CC
__end_ofconversion_newton@F_tab strings      010A6
__end_ofconversion_newton@R_tab strings      01056
__initialization                cinit        007F9
__pbssBANK1                     bssBANK1     000D6
__pcstackBANK0                  cstackBANK0  00020
__pcstackBANK1                  cstackBANK1  000A0
__pcstackCOMMON                 cstackCOMMON 00071
__pintentry                     intentry     00004
__pmaintext                     maintext     0165C
__pstrings                      strings      01000
__ptext1                        text1        00A2D
__ptext10                       text10       00C9F
__ptext11                       text11       01562
__ptext12                       text12       00850
__ptext13                       text13       014D6
__ptext14                       text14       015B4
__ptext15                       text15       01589
__ptext16                       text16       00816
__ptext17                       text17       014DE
__ptext18                       text18       00804
__ptext19                       text19       014CE
__ptext2                        text2        0175C
__ptext20                       text20       00800
__ptext21                       text21       014EE
__ptext22                       text22       01500
__ptext3                        text3        015ED
__ptext4                        text4        00010
__ptext5                        text5        016CC
__ptext6                        text6        00022
__ptext7                        text7        0153D
__ptext8                        text8        01519
__ptext9                        text9        000DE
__size_of_ADC_GetValue          (abs)        00000
__size_of_PORT_Blink_LED        (abs)        00000
__size_of_PORT_Change_Gain      (abs)        00000
__size_of_PORT_Choose_Mux       (abs)        00000
__size_of_PORT_Get_Value_Adc    (abs)        00000
__size_of_PORT_Init             (abs)        00000
__size_of_PORT_Init_Serial      (abs)        00000
__size_of_PORT_Select_Mux1      (abs)        00000
__size_of_PORT_Start_ADC        (abs)        00000
__size_of_Resistance_Value      (abs)        00000
__size_of_TIMER_init_timer1     (abs)        00000
__size_of_Voltage_Value         (abs)        00000
__size_of__Umul8_16             (abs)        00000
__size_of___fladd               (abs)        00000
__size_of___fldiv               (abs)        00000
__size_of___flge                (abs)        00000
__size_of___flmul               (abs)        00000
__size_of___flsub               (abs)        00000
__size_of___wmul                (abs)        00000
__size_of___xxtofl              (abs)        00000
__size_of_conversion_newton     (abs)        00000
__size_of_isr                   (abs)        00000
__size_of_main                  (abs)        00000
__stringbase                    strings      01005
__stringtab                     strings      01000
_conversion_newton              text1        00A2D
_conversion_newton$771          cstackBANK1  000BD
_isr                            text22       01500
_main                           maintext     0165C
btemp                           (abs)        0007E
conversion_newton@F             cstackBANK1  000C1
conversion_newton@F_tab         strings      01056
conversion_newton@R_tab         strings      01006
conversion_newton@Rc            cstackBANK1  000A0
conversion_newton@n             cstackBANK1  000C5
end_of_initialization           cinit        007FC
interrupt_function              intentry     00004
intlevel0                       functab      00000
intlevel1                       functab      00000
intlevel2                       functab      00000
intlevel3                       functab      00000
intlevel4                       functab      00000
intlevel5                       functab      00000
main@R                          cstackBANK1  000D3
main@Rc                         cstackBANK1  000CB
main@Vs                         cstackBANK1  000CF
main@sensor1                    cstackBANK1  000D5
pnum$text1                      (abs)        00009
pnum$text1_split_1              (abs)        00021
psplit$0                        (abs)        90021
reset_vec                       reset_vec    00000
saved_w                         (abs)        0007E
start                           init         0000C
start_initialization            cinit        007F9
wtemp0                          (abs)        0007E


FUNCTION INFORMATION:

 *************** function _main *****************
 Defined at:
		line 26 in file "main.c"
 Parameters:    Size  Location     Type
		None
 Auto vars:     Size  Location     Type
  Vs              4   47[BANK1 ] float 
  Rc              4   43[BANK1 ] float 
  F               4    0        float 
  R               2   51[BANK1 ] int 
  sensor1         1   53[BANK1 ] unsigned char 
  sensor4         1    0        unsigned char 
  sensor3         1    0        unsigned char 
  sensor2         1    0        unsigned char 
 Return value:  Size  Location     Type
                  1    wreg      void 
 Registers used:
		wreg, fsr0l, fsr0h, status,2, status,0, btemp+1, pclath, cstack
 Tracked objects:
		On entry : 
		On exit  : 
		Unchanged: 
 Data sizes:     COMMON   BANK0   BANK1   BANK3   BANK2
      Params:         0       0       0       0       0
      Locals:         0       0      15       0       0
      Temps:          0       0       0       0       0
      Totals:         0       0      15       0       0
Total ram usage:       15 bytes
 Hardware stack levels required when called:    4
 This function calls:
		_ADC_GetValue
		_PORT_Blink_LED
		_PORT_Change_Gain
		_PORT_Init
		_PORT_Select_Mux1
		_Resistance_Value
		_TIMER_init_timer1
		_Voltage_Value
		_conversion_newton
 This function is called by:
		Startup code after reset
 This function uses a non-reentrant model


 *************** function _conversion_newton *****************
 Defined at:
		line 172 in file "main.c"
 Parameters:    Size  Location     Type
  Rc              4    0[BANK1 ] float 
 Auto vars:     Size  Location     Type
  F               4   33[BANK1 ] float 
  n               2   37[BANK1 ] int 
 Return value:  Size  Location     Type
                  4    0[BANK1 ] float 
 Registers used:
		wreg, fsr0l, fsr0h, status,2, status,0, btemp+1, pclath, cstack
 Tracked objects:
		On entry : 
		On exit  : 
		Unchanged: 
 Data sizes:     COMMON   BANK0   BANK1   BANK3   BANK2
      Params:         0       0       4       0       0
      Locals:         0       0      10       0       0
      Temps:          0       0      25       0       0
      Totals:         0       0      39       0       0
Total ram usage:       39 bytes
 Hardware stack levels used:    1
 Hardware stack levels required when called:    3
 This function calls:
		___fladd
		___fldiv
		___flge
		___flmul
		___flsub
 This function is called by:
		_main
 This function uses a non-reentrant model


 *************** function ___flge *****************
 Defined at:
		line 4 in file "C:\Program Files\Microchip\xc8\v2.20\pic\sources\c90\common\flge.c"
 Parameters:    Size  Location     Type
  ff1             4    2[COMMON] float 
  ff2             4    6[COMMON] float 
 Auto vars:     Size  Location     Type
		None
 Return value:  Size  Location     Type
		None               void
 Registers used:
		wreg, status,2, status,0
 Tracked objects:
		On entry : 
		On exit  : 
		Unchanged: 
 Data sizes:     COMMON   BANK0   BANK1   BANK3   BANK2
      Params:         8       0       0       0       0
      Locals:         0       0       0       0       0
      Temps:          0       4       0       0       0
      Totals:         8       4       0       0       0
Total ram usage:       12 bytes
 Hardware stack levels used:    1
 Hardware stack levels required when called:    1
 This function calls:
		Nothing
 This function is called by:
		_conversion_newton
 This function uses a non-reentrant model


 *************** function _Voltage_Value *****************
 Defined at:
		line 152 in file "main.c"
 Parameters:    Size  Location     Type
  sensor          1    wreg     unsigned char 
 Auto vars:     Size  Location     Type
  sensor          1    8[BANK1 ] unsigned char 
 Return value:  Size  Location     Type
                  4    0[BANK1 ] float 
 Registers used:
		wreg, status,2, status,0, btemp+1, pclath, cstack
 Tracked objects:
		On entry : 
		On exit  : 
		Unchanged: 
 Data sizes:     COMMON   BANK0   BANK1   BANK3   BANK2
      Params:         0       0       4       0       0
      Locals:         0       0       1       0       0
      Temps:          0       0       4       0       0
      Totals:         0       0       9       0       0
Total ram usage:        9 bytes
 Hardware stack levels used:    1
 Hardware stack levels required when called:    3
 This function calls:
		___fldiv
		___flmul
		___xxtofl
 This function is called by:
		_main
 This function uses a non-reentrant model


 *************** function _TIMER_init_timer1 *****************
 Defined at:
		line 8 in file "timer.c"
 Parameters:    Size  Location     Type
		None
 Auto vars:     Size  Location     Type
		None
 Return value:  Size  Location     Type
                  1    wreg      void 
 Registers used:
		wreg
 Tracked objects:
		On entry : 
		On exit  : 
		Unchanged: 
 Data sizes:     COMMON   BANK0   BANK1   BANK3   BANK2
      Params:         0       0       0       0       0
      Locals:         0       0       0       0       0
      Temps:          0       0       0       0       0
      Totals:         0       0       0       0       0
Total ram usage:        0 bytes
 Hardware stack levels used:    1
 Hardware stack levels required when called:    1
 This function calls:
		Nothing
 This function is called by:
		_main
 This function uses a non-reentrant model


 *************** function _Resistance_Value *****************
 Defined at:
		line 163 in file "main.c"
 Parameters:    Size  Location     Type
  Voltage         4    0[BANK1 ] float 
  R               2    4[BANK1 ] int 
 Auto vars:     Size  Location     Type
		None
 Return value:  Size  Location     Type
                  4    0[BANK1 ] float 
 Registers used:
		wreg, status,2, status,0, btemp+1, pclath, cstack
 Tracked objects:
		On entry : 
		On exit  : 
		Unchanged: 
 Data sizes:     COMMON   BANK0   BANK1   BANK3   BANK2
      Params:         0       0       6       0       0
      Locals:         0       0       0       0       0
      Temps:          0       0       0       0       0
      Totals:         0       0       6       0       0
Total ram usage:        6 bytes
 Hardware stack levels used:    1
 Hardware stack levels required when called:    3
 This function calls:
		___fldiv
		___flmul
		___flsub
		___wmul
		___xxtofl
 This function is called by:
		_main
 This function uses a non-reentrant model


 *************** function ___xxtofl *****************
 Defined at:
		line 10 in file "C:\Program Files\Microchip\xc8\v2.20\pic\sources\c90\common\xxtofl.c"
 Parameters:    Size  Location     Type
  sign            1    wreg     unsigned char 
  val             4    0[BANK0 ] long 
 Auto vars:     Size  Location     Type
  sign            1    8[BANK0 ] unsigned char 
  arg             4   10[BANK0 ] unsigned long 
  exp             1    9[BANK0 ] unsigned char 
 Return value:  Size  Location     Type
                  4    0[BANK0 ] unsigned char 
 Registers used:
		wreg, status,2, status,0, btemp+1
 Tracked objects:
		On entry : 
		On exit  : 
		Unchanged: 
 Data sizes:     COMMON   BANK0   BANK1   BANK3   BANK2
      Params:         0       4       0       0       0
      Locals:         0       6       0       0       0
      Temps:          0       4       0       0       0
      Totals:         0      14       0       0       0
Total ram usage:       14 bytes
 Hardware stack levels used:    1
 Hardware stack levels required when called:    1
 This function calls:
		Nothing
 This function is called by:
		_Voltage_Value
		_Resistance_Value
 This function uses a non-reentrant model


 *************** function ___wmul *****************
 Defined at:
		line 15 in file "C:\Program Files\Microchip\xc8\v2.20\pic\sources\c90\common\Umul16.c"
 Parameters:    Size  Location     Type
  multiplier      2    2[COMMON] unsigned int 
  multiplicand    2    4[COMMON] unsigned int 
 Auto vars:     Size  Location     Type
  product         2    6[COMMON] unsigned int 
 Return value:  Size  Location     Type
                  2    2[COMMON] unsigned int 
 Registers used:
		wreg, status,2, status,0
 Tracked objects:
		On entry : 
		On exit  : 
		Unchanged: 
 Data sizes:     COMMON   BANK0   BANK1   BANK3   BANK2
      Params:         4       0       0       0       0
      Locals:         2       0       0       0       0
      Temps:          0       0       0       0       0
      Totals:         6       0       0       0       0
Total ram usage:        6 bytes
 Hardware stack levels used:    1
 Hardware stack levels required when called:    1
 This function calls:
		Nothing
 This function is called by:
		_Resistance_Value
 This function uses a non-reentrant model


 *************** function ___flsub *****************
 Defined at:
		line 242 in file "C:\Program Files\Microchip\xc8\v2.20\pic\sources\c90\common\sprcadd.c"
 Parameters:    Size  Location     Type
  a               4   20[BANK0 ] unsigned int 
  b               4   24[BANK0 ] unsigned int 
 Auto vars:     Size  Location     Type
		None
 Return value:  Size  Location     Type
                  4   20[BANK0 ] unsigned int 
 Registers used:
		wreg, status,2, status,0, btemp+1, pclath, cstack
 Tracked objects:
		On entry : 
		On exit  : 
		Unchanged: 
 Data sizes:     COMMON   BANK0   BANK1   BANK3   BANK2
      Params:         0       8       0       0       0
      Locals:         0       0       0       0       0
      Temps:          0       0       0       0       0
      Totals:         0       8       0       0       0
Total ram usage:        8 bytes
 Hardware stack levels used:    1
 Hardware stack levels required when called:    2
 This function calls:
		___fladd
 This function is called by:
		_Resistance_Value
		_conversion_newton
 This function uses a non-reentrant model


 *************** function ___fladd *****************
 Defined at:
		line 10 in file "C:\Program Files\Microchip\xc8\v2.20\pic\sources\c90\common\sprcadd.c"
 Parameters:    Size  Location     Type
  b               4    0[BANK0 ] unsigned int 
  a               4    4[BANK0 ] unsigned int 
 Auto vars:     Size  Location     Type
  grs             1   19[BANK0 ] unsigned char 
  bexp            1   18[BANK0 ] unsigned char 
  aexp            1   17[BANK0 ] unsigned char 
  signs           1   16[BANK0 ] unsigned char 
 Return value:  Size  Location     Type
                  4    0[BANK0 ] unsigned char 
 Registers used:
		wreg, status,2, status,0, btemp+1
 Tracked objects:
		On entry : 
		On exit  : 
		Unchanged: 
 Data sizes:     COMMON   BANK0   BANK1   BANK3   BANK2
      Params:         0       8       0       0       0
      Locals:         0       4       0       0       0
      Temps:          0       8       0       0       0
      Totals:         0      20       0       0       0
Total ram usage:       20 bytes
 Hardware stack levels used:    1
 Hardware stack levels required when called:    1
 This function calls:
		Nothing
 This function is called by:
		_conversion_newton
		___flsub
 This function uses a non-reentrant model


 *************** function ___flmul *****************
 Defined at:
		line 8 in file "C:\Program Files\Microchip\xc8\v2.20\pic\sources\c90\common\sprcmul.c"
 Parameters:    Size  Location     Type
  b               4   54[BANK0 ] unsigned char 
  a               4   58[BANK0 ] unsigned char 
 Auto vars:     Size  Location     Type
  prod            4   74[BANK0 ] struct .
  grs             4   68[BANK0 ] unsigned long 
  temp            2   78[BANK0 ] struct .
  bexp            1   73[BANK0 ] unsigned char 
  aexp            1   72[BANK0 ] unsigned char 
  sign            1   67[BANK0 ] unsigned char 
 Return value:  Size  Location     Type
                  4   54[BANK0 ] unsigned char 
 Registers used:
		wreg, status,2, status,0, btemp+1, pclath, cstack
 Tracked objects:
		On entry : 
		On exit  : 
		Unchanged: 
 Data sizes:     COMMON   BANK0   BANK1   BANK3   BANK2
      Params:         0       8       0       0       0
      Locals:         0      13       0       0       0
      Temps:          0       5       0       0       0
      Totals:         0      26       0       0       0
Total ram usage:       26 bytes
 Hardware stack levels used:    1
 Hardware stack levels required when called:    2
 This function calls:
		__Umul8_16
 This function is called by:
		_Voltage_Value
		_Resistance_Value
		_conversion_newton
		_puts_float
 This function uses a non-reentrant model


 *************** function __Umul8_16 *****************
 Defined at:
		line 4 in file "C:\Program Files\Microchip\xc8\v2.20\pic\sources\c90\common\Umul8_16.c"
 Parameters:    Size  Location     Type
  multiplier      1    wreg     unsigned char 
  multiplicand    1    2[COMMON] unsigned char 
 Auto vars:     Size  Location     Type
  multiplier      1   10[COMMON] unsigned char 
  word_mpld       2    8[COMMON] unsigned int 
  product         2    6[COMMON] unsigned int 
 Return value:  Size  Location     Type
                  2    2[COMMON] unsigned int 
 Registers used:
		wreg, status,2, status,0
 Tracked objects:
		On entry : 
		On exit  : 
		Unchanged: 
 Data sizes:     COMMON   BANK0   BANK1   BANK3   BANK2
      Params:         2       0       0       0       0
      Locals:         5       0       0       0       0
      Temps:          2       0       0       0       0
      Totals:         9       0       0       0       0
Total ram usage:        9 bytes
 Hardware stack levels used:    1
 Hardware stack levels required when called:    1
 This function calls:
		Nothing
 This function is called by:
		___flmul
 This function uses a non-reentrant model


 *************** function ___fldiv *****************
 Defined at:
		line 8 in file "C:\Program Files\Microchip\xc8\v2.20\pic\sources\c90\common\sprcdiv.c"
 Parameters:    Size  Location     Type
  a               4   28[BANK0 ] unsigned int 
  b               4   32[BANK0 ] unsigned int 
 Auto vars:     Size  Location     Type
  grs             4   48[BANK0 ] unsigned long 
  rem             4   41[BANK0 ] unsigned long 
  new_exp         2   46[BANK0 ] int 
  aexp            1   53[BANK0 ] unsigned char 
  bexp            1   52[BANK0 ] unsigned char 
  sign            1   45[BANK0 ] unsigned char 
 Return value:  Size  Location     Type
                  4   28[BANK0 ] unsigned char 
 Registers used:
		wreg, status,2, status,0, btemp+1
 Tracked objects:
		On entry : 
		On exit  : 
		Unchanged: 
 Data sizes:     COMMON   BANK0   BANK1   BANK3   BANK2
      Params:         0       8       0       0       0
      Locals:         0      13       0       0       0
      Temps:          0       5       0       0       0
      Totals:         0      26       0       0       0
Total ram usage:       26 bytes
 Hardware stack levels used:    1
 Hardware stack levels required when called:    1
 This function calls:
		Nothing
 This function is called by:
		_Voltage_Value
		_Resistance_Value
		_conversion_newton
 This function uses a non-reentrant model


 *************** function _PORT_Select_Mux1 *****************
 Defined at:
		line 158 in file "port.c"
 Parameters:    Size  Location     Type
		None
 Auto vars:     Size  Location     Type
		None
 Return value:  Size  Location     Type
                  1    wreg      void 
 Registers used:
		wreg, status,2, status,0, btemp+1
 Tracked objects:
		On entry : 
		On exit  : 
		Unchanged: 
 Data sizes:     COMMON   BANK0   BANK1   BANK3   BANK2
      Params:         0       0       0       0       0
      Locals:         0       0       0       0       0
      Temps:          0       0       0       0       0
      Totals:         0       0       0       0       0
Total ram usage:        0 bytes
 Hardware stack levels used:    1
 Hardware stack levels required when called:    1
 This function calls:
		Nothing
 This function is called by:
		_main
 This function uses a non-reentrant model


 *************** function _PORT_Init *****************
 Defined at:
		line 44 in file "port.c"
 Parameters:    Size  Location     Type
		None
 Auto vars:     Size  Location     Type
		None
 Return value:  Size  Location     Type
                  1    wreg      void 
 Registers used:
		wreg, status,2, status,0, pclath, cstack
 Tracked objects:
		On entry : 
		On exit  : 
		Unchanged: 
 Data sizes:     COMMON   BANK0   BANK1   BANK3   BANK2
      Params:         0       0       0       0       0
      Locals:         0       0       0       0       0
      Temps:          1       0       0       0       0
      Totals:         1       0       0       0       0
Total ram usage:        1 bytes
 Hardware stack levels used:    1
 Hardware stack levels required when called:    2
 This function calls:
		_PORT_Init_Serial
 This function is called by:
		_main
 This function uses a non-reentrant model


 *************** function _PORT_Init_Serial *****************
 Defined at:
		line 15 in file "port.c"
 Parameters:    Size  Location     Type
		None
 Auto vars:     Size  Location     Type
		None
 Return value:  Size  Location     Type
                  1    wreg      void 
 Registers used:
		wreg, status,2
 Tracked objects:
		On entry : 
		On exit  : 
		Unchanged: 
 Data sizes:     COMMON   BANK0   BANK1   BANK3   BANK2
      Params:         0       0       0       0       0
      Locals:         0       0       0       0       0
      Temps:          0       0       0       0       0
      Totals:         0       0       0       0       0
Total ram usage:        0 bytes
 Hardware stack levels used:    1
 Hardware stack levels required when called:    1
 This function calls:
		Nothing
 This function is called by:
		_PORT_Init
 This function uses a non-reentrant model


 *************** function _PORT_Change_Gain *****************
 Defined at:
		line 173 in file "port.c"
 Parameters:    Size  Location     Type
  INTER0          1    wreg     unsigned char 
  INTER1          1    2[COMMON] unsigned char 
 Auto vars:     Size  Location     Type
  INTER0          1    5[COMMON] unsigned char 
 Return value:  Size  Location     Type
                  2    2[COMMON] int 
 Registers used:
		wreg, status,2, status,0
 Tracked objects:
		On entry : 
		On exit  : 
		Unchanged: 
 Data sizes:     COMMON   BANK0   BANK1   BANK3   BANK2
      Params:         3       0       0       0       0
      Locals:         1       0       0       0       0
      Temps:          0       0       0       0       0
      Totals:         4       0       0       0       0
Total ram usage:        4 bytes
 Hardware stack levels used:    1
 Hardware stack levels required when called:    1
 This function calls:
		Nothing
 This function is called by:
		_main
 This function uses a non-reentrant model


 *************** function _PORT_Blink_LED *****************
 Defined at:
		line 84 in file "port.c"
 Parameters:    Size  Location     Type
		None
 Auto vars:     Size  Location     Type
		None
 Return value:  Size  Location     Type
                  1    wreg      void 
 Registers used:
		status,0
 Tracked objects:
		On entry : 
		On exit  : 
		Unchanged: 
 Data sizes:     COMMON   BANK0   BANK1   BANK3   BANK2
      Params:         0       0       0       0       0
      Locals:         0       0       0       0       0
      Temps:          0       0       0       0       0
      Totals:         0       0       0       0       0
Total ram usage:        0 bytes
 Hardware stack levels used:    1
 Hardware stack levels required when called:    1
 This function calls:
		Nothing
 This function is called by:
		_main
 This function uses a non-reentrant model


 *************** function _ADC_GetValue *****************
 Defined at:
		line 16 in file "adc.c"
 Parameters:    Size  Location     Type
  channel         1    wreg     unsigned char 
 Auto vars:     Size  Location     Type
  channel         1    3[COMMON] unsigned char 
 Return value:  Size  Location     Type
                  1    wreg      unsigned char 
 Registers used:
		wreg, status,2, status,0, btemp+1, pclath, cstack
 Tracked objects:
		On entry : 
		On exit  : 
		Unchanged: 
 Data sizes:     COMMON   BANK0   BANK1   BANK3   BANK2
      Params:         0       0       0       0       0
      Locals:         1       0       0       0       0
      Temps:          0       0       0       0       0
      Totals:         1       0       0       0       0
Total ram usage:        1 bytes
 Hardware stack levels used:    1
 Hardware stack levels required when called:    2
 This function calls:
		_PORT_Choose_Mux
		_PORT_Get_Value_Adc
		_PORT_Start_ADC
 This function is called by:
		_main
 This function uses a non-reentrant model


 *************** function _PORT_Start_ADC *****************
 Defined at:
		line 104 in file "port.c"
 Parameters:    Size  Location     Type
		None
 Auto vars:     Size  Location     Type
		None
 Return value:  Size  Location     Type
                  1    wreg      void 
 Registers used:
		None
 Tracked objects:
		On entry : 
		On exit  : 
		Unchanged: 
 Data sizes:     COMMON   BANK0   BANK1   BANK3   BANK2
      Params:         0       0       0       0       0
      Locals:         0       0       0       0       0
      Temps:          0       0       0       0       0
      Totals:         0       0       0       0       0
Total ram usage:        0 bytes
 Hardware stack levels used:    1
 Hardware stack levels required when called:    1
 This function calls:
		Nothing
 This function is called by:
		_ADC_GetValue
 This function uses a non-reentrant model


 *************** function _PORT_Get_Value_Adc *****************
 Defined at:
		line 118 in file "port.c"
 Parameters:    Size  Location     Type
		None
 Auto vars:     Size  Location     Type
		None
 Return value:  Size  Location     Type
                  1    wreg      unsigned char 
 Registers used:
		wreg
 Tracked objects:
		On entry : 
		On exit  : 
		Unchanged: 
 Data sizes:     COMMON   BANK0   BANK1   BANK3   BANK2
      Params:         0       0       0       0       0
      Locals:         0       0       0       0       0
      Temps:          0       0       0       0       0
      Totals:         0       0       0       0       0
Total ram usage:        0 bytes
 Hardware stack levels used:    1
 Hardware stack levels required when called:    1
 This function calls:
		Nothing
 This function is called by:
		_ADC_GetValue
 This function uses a non-reentrant model


 *************** function _PORT_Choose_Mux *****************
 Defined at:
		line 94 in file "port.c"
 Parameters:    Size  Location     Type
  _value          1    wreg     unsigned char 
 Auto vars:     Size  Location     Type
  _value          1    2[COMMON] unsigned char 
 Return value:  Size  Location     Type
                  1    wreg      void 
 Registers used:
		wreg, status,2, status,0, btemp+1
 Tracked objects:
		On entry : 
		On exit  : 
		Unchanged: 
 Data sizes:     COMMON   BANK0   BANK1   BANK3   BANK2
      Params:         0       0       0       0       0
      Locals:         1       0       0       0       0
      Temps:          0       0       0       0       0
      Totals:         1       0       0       0       0
Total ram usage:        1 bytes
 Hardware stack levels used:    1
 Hardware stack levels required when called:    1
 This function calls:
		Nothing
 This function is called by:
		_ADC_GetValue
 This function uses a non-reentrant model


 *************** function _isr *****************
 Defined at:
		line 78 in file "timer.c"
 Parameters:    Size  Location     Type
		None
 Auto vars:     Size  Location     Type
		None
 Return value:  Size  Location     Type
                  1    wreg      void 
 Registers used:
		None
 Tracked objects:
		On entry : 
		On exit  : 
		Unchanged: 
 Data sizes:     COMMON   BANK0   BANK1   BANK3   BANK2
      Params:         0       0       0       0       0
      Locals:         0       0       0       0       0
      Temps:          2       0       0       0       0
      Totals:         2       0       0       0       0
Total ram usage:        2 bytes
 Hardware stack levels used:    1
 This function calls:
		Nothing
 This function is called by:
		Interrupt level 1
 This function uses a non-reentrant model



MODULE INFORMATION

Module		Function		Class		Link	Load	Size
C:\Program Files\Microchip\xc8\v2.20\pic\sources\c90\common\Umul8_16.c
		__Umul8_16     		CODE           	1562	0000	40

C:\Program Files\Microchip\xc8\v2.20\pic\sources\c90\common\Umul8_16.c estimated size: 40

C:\Program Files\Microchip\xc8\v2.20\pic\sources\c90\common\sprcadd.c
		___flsub       		CODE           	1519	0000	37
		___fladd       		CODE           	00DE	0000	649

C:\Program Files\Microchip\xc8\v2.20\pic\sources\c90\common\sprcadd.c estimated size: 686

timer.c
		_TIMER_init_timer1		CODE           	0010	0000	19
		_isr           		CODE           	1500	0000	26

timer.c estimated size: 45

C:\Program Files\Microchip\xc8\v2.20\pic\sources\c90\common\xxtofl.c
		___xxtofl      		CODE           	0022	0000	189

C:\Program Files\Microchip\xc8\v2.20\pic\sources\c90\common\xxtofl.c estimated size: 189

port.c
		_PORT_Start_ADC		CODE           	14CE	0000	9
		_PORT_Change_Gain		CODE           	0816	0000	59
		_PORT_Init     		CODE           	15B4	0000	58
		_PORT_Select_Mux1		CODE           	14D6	0000	9
		_PORT_Init_Serial		CODE           	1589	0000	44
		_PORT_Get_Value_Adc		CODE           	0800	0000	5
		_PORT_Choose_Mux		CODE           	14EE	0000	19
		_PORT_Blink_LED		CODE           	14DE	0000	17

port.c estimated size: 220

adc.c
		_ADC_GetValue  		CODE           	0804	0000	19

adc.c estimated size: 19

C:\Program Files\Microchip\xc8\v2.20\pic\sources\c90\common\flge.c
		___flge        		CODE           	175C	0000	165

C:\Program Files\Microchip\xc8\v2.20\pic\sources\c90\common\flge.c estimated size: 165

shared
		__stringtab    		STRING         	1000	0000	7
		__initialization		CODE           	07F9	0000	4
		conversion_newton@F_tab		STRING         	1056	0000	81
		conversion_newton@R_tab		STRING         	1006	0000	81

shared estimated size: 173

C:\Program Files\Microchip\xc8\v2.20\pic\sources\c90\common\Umul16.c
		___wmul        		CODE           	153D	0000	38

C:\Program Files\Microchip\xc8\v2.20\pic\sources\c90\common\Umul16.c estimated size: 38

C:\Program Files\Microchip\xc8\v2.20\pic\sources\c90\common\sprcmul.c
		___flmul       		CODE           	0C9F	0000	866

C:\Program Files\Microchip\xc8\v2.20\pic\sources\c90\common\sprcmul.c estimated size: 866

main.c
		_main          		CODE           	165C	0000	113
		_conversion_newton		CODE           	0A2D	0000	1798
		_Resistance_Value		CODE           	16CC	0000	145
		_Voltage_Value 		CODE           	15ED	0000	112

main.c estimated size: 2168

C:\Program Files\Microchip\xc8\v2.20\pic\sources\c90\common\sprcdiv.c
		___fldiv       		CODE           	0850	0000	478

C:\Program Files\Microchip\xc8\v2.20\pic\sources\c90\common\sprcdiv.c estimated size: 478

